

================================================================
== Vitis HLS Report for 'addsub_0_0_ap_fixed_43_4_5_3_0_ap_fixed_43_4_5_3_0_bool_s'
================================================================
* Date:           Fri Apr 10 20:58:30 2026

* Version:        2024.1 (Build 5069499 on May 21 2024)
* Project:        test_for_tda
* Solution:       hls (Vivado IP Flow Target)
* Product family: virtexuplus
* Target device:  xcvu9p-flga2104-2-i


================================================================
== Performance Estimates
================================================================
+ Timing: 
    * Summary: 
    +--------+---------+----------+------------+
    |  Clock |  Target | Estimated| Uncertainty|
    +--------+---------+----------+------------+
    |ap_clk  |  5.00 ns|  1.212 ns|     1.35 ns|
    +--------+---------+----------+------------+

+ Latency: 
    * Summary: 
    +---------+---------+----------+----------+-----+-----+---------+
    |  Latency (cycles) |  Latency (absolute) |  Interval | Pipeline|
    |   min   |   max   |    min   |    max   | min | max |   Type  |
    +---------+---------+----------+----------+-----+-----+---------+
    |        0|        0|      0 ns|      0 ns|    1|    1|      yes|
    +---------+---------+----------+----------+-----+-----+---------+

    + Detail: 
        * Instance: 
        N/A

        * Loop: 
        N/A



================================================================
== Utilization Estimates
================================================================
* Summary: 
+---------------------+---------+------+---------+---------+-----+
|         Name        | BRAM_18K|  DSP |    FF   |   LUT   | URAM|
+---------------------+---------+------+---------+---------+-----+
|DSP                  |        -|     -|        -|        -|    -|
|Expression           |        -|     -|        0|      143|    -|
|FIFO                 |        -|     -|        -|        -|    -|
|Instance             |        -|     -|        -|        -|    -|
|Memory               |        -|     -|        -|        -|    -|
|Multiplexer          |        -|     -|        -|        -|    -|
|Register             |        -|     -|        -|        -|    -|
+---------------------+---------+------+---------+---------+-----+
|Total                |        0|     0|        0|      143|    0|
+---------------------+---------+------+---------+---------+-----+
|Available SLR        |     1440|  2280|   788160|   394080|  320|
+---------------------+---------+------+---------+---------+-----+
|Utilization SLR (%)  |        0|     0|        0|       ~0|    0|
+---------------------+---------+------+---------+---------+-----+
|Available            |     4320|  6840|  2364480|  1182240|  960|
+---------------------+---------+------+---------+---------+-----+
|Utilization (%)      |        0|     0|        0|       ~0|    0|
+---------------------+---------+------+---------+---------+-----+

+ Detail: 
    * Instance: 
    N/A

    * DSP: 
    N/A

    * Memory: 
    N/A

    * FIFO: 
    N/A

    * Expression: 
    +--------------------+----------+----+---+----+------------+------------+
    |    Variable Name   | Operation| DSP| FF| LUT| Bitwidth P0| Bitwidth P1|
    +--------------------+----------+----+---+----+------------+------------+
    |add_ln102_fu_46_p2  |         +|   0|  0|  50|          43|          43|
    |sub_ln104_fu_40_p2  |         -|   0|  0|  50|          43|          43|
    |ap_return           |    select|   0|  0|  43|           1|          43|
    +--------------------+----------+----+---+----+------------+------------+
    |Total               |          |   0|  0| 143|          87|         129|
    +--------------------+----------+----+---+----+------------+------------+

    * Multiplexer: 
    N/A

    * Register: 
    N/A



================================================================
== Interface
================================================================
* Summary: 
+-----------+-----+-----+------------+------------------------------------------------------------------------+--------------+
| RTL Ports | Dir | Bits|  Protocol  |                              Source Object                             |    C Type    |
+-----------+-----+-----+------------+------------------------------------------------------------------------+--------------+
|ap_ready   |  out|    1|  ap_ctrl_hs|  addsub<0, 0, ap_fixed<43, 4, 5, 3, 0>, ap_fixed<43, 4, 5, 3, 0>, bool>|  return value|
|ap_return  |  out|   43|  ap_ctrl_hs|  addsub<0, 0, ap_fixed<43, 4, 5, 3, 0>, ap_fixed<43, 4, 5, 3, 0>, bool>|  return value|
|ap_rst     |   in|    1|  ap_ctrl_hs|  addsub<0, 0, ap_fixed<43, 4, 5, 3, 0>, ap_fixed<43, 4, 5, 3, 0>, bool>|  return value|
|a          |   in|   43|     ap_none|                                                                       a|        scalar|
|b          |   in|   42|     ap_none|                                                                       b|        scalar|
|add        |   in|    1|     ap_none|                                                                     add|        scalar|
+-----------+-----+-----+------------+------------------------------------------------------------------------+--------------+

