

================================================================
== Vitis HLS Report for 'atan2_generic_float_s'
================================================================
* Date:           Fri Apr 10 20:58:30 2026

* Version:        2024.1 (Build 5069499 on May 21 2024)
* Project:        test_for_tda
* Solution:       hls (Vivado IP Flow Target)
* Product family: virtexuplus
* Target device:  xcvu9p-flga2104-2-i


================================================================
== Performance Estimates
================================================================
+ Timing: 
    * Summary: 
    +--------+---------+----------+------------+
    |  Clock |  Target | Estimated| Uncertainty|
    +--------+---------+----------+------------+
    |ap_clk  |  5.00 ns|  3.582 ns|     1.35 ns|
    +--------+---------+----------+------------+

+ Latency: 
    * Summary: 
    +---------+---------+----------+----------+-----+-----+---------+
    |  Latency (cycles) |  Latency (absolute) |  Interval | Pipeline|
    |   min   |   max   |    min   |    max   | min | max |   Type  |
    +---------+---------+----------+----------+-----+-----+---------+
    |       24|       24|  0.120 us|  0.120 us|    1|    1|      yes|
    +---------+---------+----------+----------+-----+-----+---------+

    + Detail: 
        * Instance: 
        +--------------------------------------------------------------------------------------+----------------------------------------------------------------+---------+---------+----------+----------+-----+-----+---------+
        |                                                                                      |                                                                |  Latency (cycles) |  Latency (absolute) |  Interval | Pipeline|
        |                                       Instance                                       |                             Module                             |   min   |   max   |    min   |    max   | min | max |   Type  |
        +--------------------------------------------------------------------------------------+----------------------------------------------------------------+---------+---------+----------+----------+-----+-----+---------+
        |x_addsub_0_0_ap_fixed_43_4_5_3_0_ap_fixed_43_4_5_3_0_ap_uint_1_s_fu_346               |addsub_0_0_ap_fixed_43_4_5_3_0_ap_fixed_43_4_5_3_0_ap_uint_1_s  |        0|        0|      0 ns|      0 ns|    1|    1|      yes|
        |x_3_addsub_0_0_ap_fixed_43_4_5_3_0_ap_fixed_43_4_5_3_0_ap_uint_1_s_fu_353             |addsub_0_0_ap_fixed_43_4_5_3_0_ap_fixed_43_4_5_3_0_ap_uint_1_s  |        0|        0|      0 ns|      0 ns|    1|    1|      yes|
        |x_4_addsub_0_0_ap_fixed_43_4_5_3_0_ap_fixed_43_4_5_3_0_ap_uint_1_s_fu_361             |addsub_0_0_ap_fixed_43_4_5_3_0_ap_fixed_43_4_5_3_0_ap_uint_1_s  |        0|        0|      0 ns|      0 ns|    1|    1|      yes|
        |x_5_addsub_0_0_ap_fixed_43_4_5_3_0_ap_fixed_43_4_5_3_0_ap_uint_1_s_fu_368             |addsub_0_0_ap_fixed_43_4_5_3_0_ap_fixed_43_4_5_3_0_ap_uint_1_s  |        0|        0|      0 ns|      0 ns|    1|    1|      yes|
        |x_6_addsub_0_0_ap_fixed_43_4_5_3_0_ap_fixed_43_4_5_3_0_ap_uint_1_s_fu_376             |addsub_0_0_ap_fixed_43_4_5_3_0_ap_fixed_43_4_5_3_0_ap_uint_1_s  |        0|        0|      0 ns|      0 ns|    1|    1|      yes|
        |x_7_addsub_0_0_ap_fixed_43_4_5_3_0_ap_fixed_43_4_5_3_0_ap_uint_1_s_fu_383             |addsub_0_0_ap_fixed_43_4_5_3_0_ap_fixed_43_4_5_3_0_ap_uint_1_s  |        0|        0|      0 ns|      0 ns|    1|    1|      yes|
        |x_8_addsub_0_0_ap_fixed_43_4_5_3_0_ap_fixed_43_4_5_3_0_ap_uint_1_s_fu_391             |addsub_0_0_ap_fixed_43_4_5_3_0_ap_fixed_43_4_5_3_0_ap_uint_1_s  |        0|        0|      0 ns|      0 ns|    1|    1|      yes|
        |x_9_addsub_0_0_ap_fixed_43_4_5_3_0_ap_fixed_43_4_5_3_0_ap_uint_1_s_fu_398             |addsub_0_0_ap_fixed_43_4_5_3_0_ap_fixed_43_4_5_3_0_ap_uint_1_s  |        0|        0|      0 ns|      0 ns|    1|    1|      yes|
        |x_10_addsub_0_0_ap_fixed_43_4_5_3_0_ap_fixed_43_4_5_3_0_ap_uint_1_s_fu_406            |addsub_0_0_ap_fixed_43_4_5_3_0_ap_fixed_43_4_5_3_0_ap_uint_1_s  |        0|        0|      0 ns|      0 ns|    1|    1|      yes|
        |x_11_addsub_0_0_ap_fixed_43_4_5_3_0_ap_fixed_43_4_5_3_0_ap_uint_1_s_fu_413            |addsub_0_0_ap_fixed_43_4_5_3_0_ap_fixed_43_4_5_3_0_ap_uint_1_s  |        0|        0|      0 ns|      0 ns|    1|    1|      yes|
        |x_12_addsub_0_0_ap_fixed_43_4_5_3_0_ap_fixed_43_4_5_3_0_ap_uint_1_s_fu_421            |addsub_0_0_ap_fixed_43_4_5_3_0_ap_fixed_43_4_5_3_0_ap_uint_1_s  |        0|        0|      0 ns|      0 ns|    1|    1|      yes|
        |x_13_addsub_0_0_ap_fixed_43_4_5_3_0_ap_fixed_43_4_5_3_0_ap_uint_1_s_fu_428            |addsub_0_0_ap_fixed_43_4_5_3_0_ap_fixed_43_4_5_3_0_ap_uint_1_s  |        0|        0|      0 ns|      0 ns|    1|    1|      yes|
        |x_14_addsub_0_0_ap_fixed_43_4_5_3_0_ap_fixed_43_4_5_3_0_ap_uint_1_s_fu_436            |addsub_0_0_ap_fixed_43_4_5_3_0_ap_fixed_43_4_5_3_0_ap_uint_1_s  |        0|        0|      0 ns|      0 ns|    1|    1|      yes|
        |x_15_addsub_0_0_ap_fixed_43_4_5_3_0_ap_fixed_43_4_5_3_0_ap_uint_1_s_fu_443            |addsub_0_0_ap_fixed_43_4_5_3_0_ap_fixed_43_4_5_3_0_ap_uint_1_s  |        0|        0|      0 ns|      0 ns|    1|    1|      yes|
        |x_16_addsub_0_0_ap_fixed_43_4_5_3_0_ap_fixed_43_4_5_3_0_ap_uint_1_s_fu_451            |addsub_0_0_ap_fixed_43_4_5_3_0_ap_fixed_43_4_5_3_0_ap_uint_1_s  |        0|        0|      0 ns|      0 ns|    1|    1|      yes|
        |x_17_addsub_0_0_ap_fixed_43_4_5_3_0_ap_fixed_43_4_5_3_0_ap_uint_1_s_fu_458            |addsub_0_0_ap_fixed_43_4_5_3_0_ap_fixed_43_4_5_3_0_ap_uint_1_s  |        0|        0|      0 ns|      0 ns|    1|    1|      yes|
        |x_18_addsub_0_0_ap_fixed_43_4_5_3_0_ap_fixed_43_4_5_3_0_ap_uint_1_s_fu_466            |addsub_0_0_ap_fixed_43_4_5_3_0_ap_fixed_43_4_5_3_0_ap_uint_1_s  |        0|        0|      0 ns|      0 ns|    1|    1|      yes|
        |x_19_addsub_0_0_ap_fixed_43_4_5_3_0_ap_fixed_43_4_5_3_0_ap_uint_1_s_fu_473            |addsub_0_0_ap_fixed_43_4_5_3_0_ap_fixed_43_4_5_3_0_ap_uint_1_s  |        0|        0|      0 ns|      0 ns|    1|    1|      yes|
        |x_20_addsub_0_0_ap_fixed_43_4_5_3_0_ap_fixed_43_4_5_3_0_ap_uint_1_s_fu_481            |addsub_0_0_ap_fixed_43_4_5_3_0_ap_fixed_43_4_5_3_0_ap_uint_1_s  |        0|        0|      0 ns|      0 ns|    1|    1|      yes|
        |x_21_addsub_0_0_ap_fixed_43_4_5_3_0_ap_fixed_43_4_5_3_0_ap_uint_1_s_fu_488            |addsub_0_0_ap_fixed_43_4_5_3_0_ap_fixed_43_4_5_3_0_ap_uint_1_s  |        0|        0|      0 ns|      0 ns|    1|    1|      yes|
        |x_22_addsub_0_0_ap_fixed_43_4_5_3_0_ap_fixed_43_4_5_3_0_ap_uint_1_s_fu_496            |addsub_0_0_ap_fixed_43_4_5_3_0_ap_fixed_43_4_5_3_0_ap_uint_1_s  |        0|        0|      0 ns|      0 ns|    1|    1|      yes|
        |x_23_addsub_0_0_ap_fixed_43_4_5_3_0_ap_fixed_43_4_5_3_0_ap_uint_1_s_fu_503            |addsub_0_0_ap_fixed_43_4_5_3_0_ap_fixed_43_4_5_3_0_ap_uint_1_s  |        0|        0|      0 ns|      0 ns|    1|    1|      yes|
        |x_24_addsub_0_0_ap_fixed_43_4_5_3_0_ap_fixed_43_4_5_3_0_ap_uint_1_s_fu_511            |addsub_0_0_ap_fixed_43_4_5_3_0_ap_fixed_43_4_5_3_0_ap_uint_1_s  |        0|        0|      0 ns|      0 ns|    1|    1|      yes|
        |x_25_addsub_0_0_ap_fixed_43_4_5_3_0_ap_fixed_43_4_5_3_0_ap_uint_1_s_fu_518            |addsub_0_0_ap_fixed_43_4_5_3_0_ap_fixed_43_4_5_3_0_ap_uint_1_s  |        0|        0|      0 ns|      0 ns|    1|    1|      yes|
        |x_26_addsub_0_0_ap_fixed_43_4_5_3_0_ap_fixed_43_4_5_3_0_ap_uint_1_s_fu_526            |addsub_0_0_ap_fixed_43_4_5_3_0_ap_fixed_43_4_5_3_0_ap_uint_1_s  |        0|        0|      0 ns|      0 ns|    1|    1|      yes|
        |x_27_addsub_0_0_ap_fixed_43_4_5_3_0_ap_fixed_43_4_5_3_0_ap_uint_1_s_fu_533            |addsub_0_0_ap_fixed_43_4_5_3_0_ap_fixed_43_4_5_3_0_ap_uint_1_s  |        0|        0|      0 ns|      0 ns|    1|    1|      yes|
        |x_28_addsub_0_0_ap_fixed_43_4_5_3_0_ap_fixed_43_4_5_3_0_ap_uint_1_s_fu_541            |addsub_0_0_ap_fixed_43_4_5_3_0_ap_fixed_43_4_5_3_0_ap_uint_1_s  |        0|        0|      0 ns|      0 ns|    1|    1|      yes|
        |x_29_addsub_0_0_ap_fixed_43_4_5_3_0_ap_fixed_43_4_5_3_0_ap_uint_1_s_fu_548            |addsub_0_0_ap_fixed_43_4_5_3_0_ap_fixed_43_4_5_3_0_ap_uint_1_s  |        0|        0|      0 ns|      0 ns|    1|    1|      yes|
        |x_30_addsub_0_0_ap_fixed_43_4_5_3_0_ap_fixed_43_4_5_3_0_ap_uint_1_s_fu_556            |addsub_0_0_ap_fixed_43_4_5_3_0_ap_fixed_43_4_5_3_0_ap_uint_1_s  |        0|        0|      0 ns|      0 ns|    1|    1|      yes|
        |x_31_addsub_0_0_ap_fixed_43_4_5_3_0_ap_fixed_43_4_5_3_0_ap_uint_1_s_fu_563            |addsub_0_0_ap_fixed_43_4_5_3_0_ap_fixed_43_4_5_3_0_ap_uint_1_s  |        0|        0|      0 ns|      0 ns|    1|    1|      yes|
        |x_32_addsub_0_0_ap_fixed_43_4_5_3_0_ap_fixed_43_4_5_3_0_ap_uint_1_s_fu_571            |addsub_0_0_ap_fixed_43_4_5_3_0_ap_fixed_43_4_5_3_0_ap_uint_1_s  |        0|        0|      0 ns|      0 ns|    1|    1|      yes|
        |x_33_addsub_0_0_ap_fixed_43_4_5_3_0_ap_fixed_43_4_5_3_0_ap_uint_1_s_fu_578            |addsub_0_0_ap_fixed_43_4_5_3_0_ap_fixed_43_4_5_3_0_ap_uint_1_s  |        0|        0|      0 ns|      0 ns|    1|    1|      yes|
        |x_34_addsub_0_0_ap_fixed_43_4_5_3_0_ap_fixed_43_4_5_3_0_ap_uint_1_s_fu_586            |addsub_0_0_ap_fixed_43_4_5_3_0_ap_fixed_43_4_5_3_0_ap_uint_1_s  |        0|        0|      0 ns|      0 ns|    1|    1|      yes|
        |x_35_addsub_0_0_ap_fixed_43_4_5_3_0_ap_fixed_43_4_5_3_0_ap_uint_1_s_fu_593            |addsub_0_0_ap_fixed_43_4_5_3_0_ap_fixed_43_4_5_3_0_ap_uint_1_s  |        0|        0|      0 ns|      0 ns|    1|    1|      yes|
        |x_36_addsub_0_0_ap_fixed_43_4_5_3_0_ap_fixed_43_4_5_3_0_ap_uint_1_s_fu_601            |addsub_0_0_ap_fixed_43_4_5_3_0_ap_fixed_43_4_5_3_0_ap_uint_1_s  |        0|        0|      0 ns|      0 ns|    1|    1|      yes|
        |x_37_addsub_0_0_ap_fixed_43_4_5_3_0_ap_fixed_43_4_5_3_0_ap_uint_1_s_fu_608            |addsub_0_0_ap_fixed_43_4_5_3_0_ap_fixed_43_4_5_3_0_ap_uint_1_s  |        0|        0|      0 ns|      0 ns|    1|    1|      yes|
        |x_38_addsub_0_0_ap_fixed_43_4_5_3_0_ap_fixed_43_4_5_3_0_ap_uint_1_s_fu_616            |addsub_0_0_ap_fixed_43_4_5_3_0_ap_fixed_43_4_5_3_0_ap_uint_1_s  |        0|        0|      0 ns|      0 ns|    1|    1|      yes|
        |x_39_addsub_0_0_ap_fixed_43_4_5_3_0_ap_fixed_43_4_5_3_0_ap_uint_1_s_fu_623            |addsub_0_0_ap_fixed_43_4_5_3_0_ap_fixed_43_4_5_3_0_ap_uint_1_s  |        0|        0|      0 ns|      0 ns|    1|    1|      yes|
        |x_40_addsub_0_0_ap_fixed_43_4_5_3_0_ap_fixed_43_4_5_3_0_ap_uint_1_s_fu_631            |addsub_0_0_ap_fixed_43_4_5_3_0_ap_fixed_43_4_5_3_0_ap_uint_1_s  |        0|        0|      0 ns|      0 ns|    1|    1|      yes|
        |x_41_addsub_0_0_ap_fixed_43_4_5_3_0_ap_fixed_43_4_5_3_0_ap_uint_1_s_fu_638            |addsub_0_0_ap_fixed_43_4_5_3_0_ap_fixed_43_4_5_3_0_ap_uint_1_s  |        0|        0|      0 ns|      0 ns|    1|    1|      yes|
        |y_2_addsub_0_0_ap_fixed_43_4_5_3_0_ap_fixed_43_4_5_3_0_bool_s_fu_646                  |addsub_0_0_ap_fixed_43_4_5_3_0_ap_fixed_43_4_5_3_0_bool_s       |        0|        0|      0 ns|      0 ns|    1|    1|      yes|
        |y_3_addsub_0_0_ap_fixed_43_4_5_3_0_ap_fixed_43_4_5_3_0_bool_s_fu_653                  |addsub_0_0_ap_fixed_43_4_5_3_0_ap_fixed_43_4_5_3_0_bool_s       |        0|        0|      0 ns|      0 ns|    1|    1|      yes|
        |y_4_addsub_0_0_ap_fixed_43_4_5_3_0_ap_fixed_43_4_5_3_0_bool_s_fu_661                  |addsub_0_0_ap_fixed_43_4_5_3_0_ap_fixed_43_4_5_3_0_bool_s       |        0|        0|      0 ns|      0 ns|    1|    1|      yes|
        |y_5_addsub_0_0_ap_fixed_43_4_5_3_0_ap_fixed_43_4_5_3_0_bool_s_fu_668                  |addsub_0_0_ap_fixed_43_4_5_3_0_ap_fixed_43_4_5_3_0_bool_s       |        0|        0|      0 ns|      0 ns|    1|    1|      yes|
        |y_6_addsub_0_0_ap_fixed_43_4_5_3_0_ap_fixed_43_4_5_3_0_bool_s_fu_676                  |addsub_0_0_ap_fixed_43_4_5_3_0_ap_fixed_43_4_5_3_0_bool_s       |        0|        0|      0 ns|      0 ns|    1|    1|      yes|
        |y_7_addsub_0_0_ap_fixed_43_4_5_3_0_ap_fixed_43_4_5_3_0_bool_s_fu_683                  |addsub_0_0_ap_fixed_43_4_5_3_0_ap_fixed_43_4_5_3_0_bool_s       |        0|        0|      0 ns|      0 ns|    1|    1|      yes|
        |y_8_addsub_0_0_ap_fixed_43_4_5_3_0_ap_fixed_43_4_5_3_0_bool_s_fu_691                  |addsub_0_0_ap_fixed_43_4_5_3_0_ap_fixed_43_4_5_3_0_bool_s       |        0|        0|      0 ns|      0 ns|    1|    1|      yes|
        |y_9_addsub_0_0_ap_fixed_43_4_5_3_0_ap_fixed_43_4_5_3_0_bool_s_fu_698                  |addsub_0_0_ap_fixed_43_4_5_3_0_ap_fixed_43_4_5_3_0_bool_s       |        0|        0|      0 ns|      0 ns|    1|    1|      yes|
        |y_10_addsub_0_0_ap_fixed_43_4_5_3_0_ap_fixed_43_4_5_3_0_bool_s_fu_706                 |addsub_0_0_ap_fixed_43_4_5_3_0_ap_fixed_43_4_5_3_0_bool_s       |        0|        0|      0 ns|      0 ns|    1|    1|      yes|
        |y_11_addsub_0_0_ap_fixed_43_4_5_3_0_ap_fixed_43_4_5_3_0_bool_s_fu_713                 |addsub_0_0_ap_fixed_43_4_5_3_0_ap_fixed_43_4_5_3_0_bool_s       |        0|        0|      0 ns|      0 ns|    1|    1|      yes|
        |y_12_addsub_0_0_ap_fixed_43_4_5_3_0_ap_fixed_43_4_5_3_0_bool_s_fu_721                 |addsub_0_0_ap_fixed_43_4_5_3_0_ap_fixed_43_4_5_3_0_bool_s       |        0|        0|      0 ns|      0 ns|    1|    1|      yes|
        |y_13_addsub_0_0_ap_fixed_43_4_5_3_0_ap_fixed_43_4_5_3_0_bool_s_fu_728                 |addsub_0_0_ap_fixed_43_4_5_3_0_ap_fixed_43_4_5_3_0_bool_s       |        0|        0|      0 ns|      0 ns|    1|    1|      yes|
        |y_14_addsub_0_0_ap_fixed_43_4_5_3_0_ap_fixed_43_4_5_3_0_bool_s_fu_736                 |addsub_0_0_ap_fixed_43_4_5_3_0_ap_fixed_43_4_5_3_0_bool_s       |        0|        0|      0 ns|      0 ns|    1|    1|      yes|
        |y_15_addsub_0_0_ap_fixed_43_4_5_3_0_ap_fixed_43_4_5_3_0_bool_s_fu_743                 |addsub_0_0_ap_fixed_43_4_5_3_0_ap_fixed_43_4_5_3_0_bool_s       |        0|        0|      0 ns|      0 ns|    1|    1|      yes|
        |y_16_addsub_0_0_ap_fixed_43_4_5_3_0_ap_fixed_43_4_5_3_0_bool_s_fu_751                 |addsub_0_0_ap_fixed_43_4_5_3_0_ap_fixed_43_4_5_3_0_bool_s       |        0|        0|      0 ns|      0 ns|    1|    1|      yes|
        |y_17_addsub_0_0_ap_fixed_43_4_5_3_0_ap_fixed_43_4_5_3_0_bool_s_fu_758                 |addsub_0_0_ap_fixed_43_4_5_3_0_ap_fixed_43_4_5_3_0_bool_s       |        0|        0|      0 ns|      0 ns|    1|    1|      yes|
        |y_18_addsub_0_0_ap_fixed_43_4_5_3_0_ap_fixed_43_4_5_3_0_bool_s_fu_766                 |addsub_0_0_ap_fixed_43_4_5_3_0_ap_fixed_43_4_5_3_0_bool_s       |        0|        0|      0 ns|      0 ns|    1|    1|      yes|
        |y_19_addsub_0_0_ap_fixed_43_4_5_3_0_ap_fixed_43_4_5_3_0_bool_s_fu_773                 |addsub_0_0_ap_fixed_43_4_5_3_0_ap_fixed_43_4_5_3_0_bool_s       |        0|        0|      0 ns|      0 ns|    1|    1|      yes|
        |y_20_addsub_0_0_ap_fixed_43_4_5_3_0_ap_fixed_43_4_5_3_0_bool_s_fu_781                 |addsub_0_0_ap_fixed_43_4_5_3_0_ap_fixed_43_4_5_3_0_bool_s       |        0|        0|      0 ns|      0 ns|    1|    1|      yes|
        |y_21_addsub_0_0_ap_fixed_43_4_5_3_0_ap_fixed_43_4_5_3_0_bool_s_fu_788                 |addsub_0_0_ap_fixed_43_4_5_3_0_ap_fixed_43_4_5_3_0_bool_s       |        0|        0|      0 ns|      0 ns|    1|    1|      yes|
        |y_22_addsub_0_0_ap_fixed_43_4_5_3_0_ap_fixed_43_4_5_3_0_bool_s_fu_796                 |addsub_0_0_ap_fixed_43_4_5_3_0_ap_fixed_43_4_5_3_0_bool_s       |        0|        0|      0 ns|      0 ns|    1|    1|      yes|
        |y_23_addsub_0_0_ap_fixed_43_4_5_3_0_ap_fixed_43_4_5_3_0_bool_s_fu_803                 |addsub_0_0_ap_fixed_43_4_5_3_0_ap_fixed_43_4_5_3_0_bool_s       |        0|        0|      0 ns|      0 ns|    1|    1|      yes|
        |y_24_addsub_0_0_ap_fixed_43_4_5_3_0_ap_fixed_43_4_5_3_0_bool_s_fu_811                 |addsub_0_0_ap_fixed_43_4_5_3_0_ap_fixed_43_4_5_3_0_bool_s       |        0|        0|      0 ns|      0 ns|    1|    1|      yes|
        |y_25_addsub_0_0_ap_fixed_43_4_5_3_0_ap_fixed_43_4_5_3_0_bool_s_fu_818                 |addsub_0_0_ap_fixed_43_4_5_3_0_ap_fixed_43_4_5_3_0_bool_s       |        0|        0|      0 ns|      0 ns|    1|    1|      yes|
        |y_26_addsub_0_0_ap_fixed_43_4_5_3_0_ap_fixed_43_4_5_3_0_bool_s_fu_826                 |addsub_0_0_ap_fixed_43_4_5_3_0_ap_fixed_43_4_5_3_0_bool_s       |        0|        0|      0 ns|      0 ns|    1|    1|      yes|
        |y_27_addsub_0_0_ap_fixed_43_4_5_3_0_ap_fixed_43_4_5_3_0_bool_s_fu_833                 |addsub_0_0_ap_fixed_43_4_5_3_0_ap_fixed_43_4_5_3_0_bool_s       |        0|        0|      0 ns|      0 ns|    1|    1|      yes|
        |y_28_addsub_0_0_ap_fixed_43_4_5_3_0_ap_fixed_43_4_5_3_0_bool_s_fu_841                 |addsub_0_0_ap_fixed_43_4_5_3_0_ap_fixed_43_4_5_3_0_bool_s       |        0|        0|      0 ns|      0 ns|    1|    1|      yes|
        |y_29_addsub_0_0_ap_fixed_43_4_5_3_0_ap_fixed_43_4_5_3_0_bool_s_fu_848                 |addsub_0_0_ap_fixed_43_4_5_3_0_ap_fixed_43_4_5_3_0_bool_s       |        0|        0|      0 ns|      0 ns|    1|    1|      yes|
        |y_30_addsub_0_0_ap_fixed_43_4_5_3_0_ap_fixed_43_4_5_3_0_bool_s_fu_856                 |addsub_0_0_ap_fixed_43_4_5_3_0_ap_fixed_43_4_5_3_0_bool_s       |        0|        0|      0 ns|      0 ns|    1|    1|      yes|
        |y_31_addsub_0_0_ap_fixed_43_4_5_3_0_ap_fixed_43_4_5_3_0_bool_s_fu_863                 |addsub_0_0_ap_fixed_43_4_5_3_0_ap_fixed_43_4_5_3_0_bool_s       |        0|        0|      0 ns|      0 ns|    1|    1|      yes|
        |y_32_addsub_0_0_ap_fixed_43_4_5_3_0_ap_fixed_43_4_5_3_0_bool_s_fu_871                 |addsub_0_0_ap_fixed_43_4_5_3_0_ap_fixed_43_4_5_3_0_bool_s       |        0|        0|      0 ns|      0 ns|    1|    1|      yes|
        |y_33_addsub_0_0_ap_fixed_43_4_5_3_0_ap_fixed_43_4_5_3_0_bool_s_fu_878                 |addsub_0_0_ap_fixed_43_4_5_3_0_ap_fixed_43_4_5_3_0_bool_s       |        0|        0|      0 ns|      0 ns|    1|    1|      yes|
        |y_34_addsub_0_0_ap_fixed_43_4_5_3_0_ap_fixed_43_4_5_3_0_bool_s_fu_886                 |addsub_0_0_ap_fixed_43_4_5_3_0_ap_fixed_43_4_5_3_0_bool_s       |        0|        0|      0 ns|      0 ns|    1|    1|      yes|
        |y_35_addsub_0_0_ap_fixed_43_4_5_3_0_ap_fixed_43_4_5_3_0_bool_s_fu_893                 |addsub_0_0_ap_fixed_43_4_5_3_0_ap_fixed_43_4_5_3_0_bool_s       |        0|        0|      0 ns|      0 ns|    1|    1|      yes|
        |y_36_addsub_0_0_ap_fixed_43_4_5_3_0_ap_fixed_43_4_5_3_0_bool_s_fu_901                 |addsub_0_0_ap_fixed_43_4_5_3_0_ap_fixed_43_4_5_3_0_bool_s       |        0|        0|      0 ns|      0 ns|    1|    1|      yes|
        |y_37_addsub_0_0_ap_fixed_43_4_5_3_0_ap_fixed_43_4_5_3_0_bool_s_fu_908                 |addsub_0_0_ap_fixed_43_4_5_3_0_ap_fixed_43_4_5_3_0_bool_s       |        0|        0|      0 ns|      0 ns|    1|    1|      yes|
        |y_38_addsub_0_0_ap_fixed_43_4_5_3_0_ap_fixed_43_4_5_3_0_bool_s_fu_916                 |addsub_0_0_ap_fixed_43_4_5_3_0_ap_fixed_43_4_5_3_0_bool_s       |        0|        0|      0 ns|      0 ns|    1|    1|      yes|
        |y_39_addsub_0_0_ap_fixed_43_4_5_3_0_ap_fixed_43_4_5_3_0_bool_s_fu_923                 |addsub_0_0_ap_fixed_43_4_5_3_0_ap_fixed_43_4_5_3_0_bool_s       |        0|        0|      0 ns|      0 ns|    1|    1|      yes|
        |y_40_addsub_0_0_ap_fixed_43_4_5_3_0_ap_fixed_43_4_5_3_0_bool_s_fu_931                 |addsub_0_0_ap_fixed_43_4_5_3_0_ap_fixed_43_4_5_3_0_bool_s       |        0|        0|      0 ns|      0 ns|    1|    1|      yes|
        |y_41_addsub_0_0_ap_fixed_43_4_5_3_0_ap_fixed_43_4_5_3_0_bool_s_fu_938                 |addsub_0_0_ap_fixed_43_4_5_3_0_ap_fixed_43_4_5_3_0_bool_s       |        0|        0|      0 ns|      0 ns|    1|    1|      yes|
        |ref_tmp8_i_assign_s_addsub_0_0_ap_fixed_43_4_5_3_0_ap_fixed_43_4_5_3_0_bool_s_fu_946  |addsub_0_0_ap_fixed_43_4_5_3_0_ap_fixed_43_4_5_3_0_bool_s       |        0|        0|      0 ns|      0 ns|    1|    1|      yes|
        |z_addsub_0_0_ap_fixed_40_1_5_3_0_ap_fixed_40_1_0_3_0_ap_uint_1_s_fu_953               |addsub_0_0_ap_fixed_40_1_5_3_0_ap_fixed_40_1_0_3_0_ap_uint_1_s  |        0|        0|      0 ns|      0 ns|    1|    1|      yes|
        |z_1_addsub_0_0_ap_fixed_40_1_5_3_0_ap_fixed_40_1_0_3_0_ap_uint_1_s_fu_962             |addsub_0_0_ap_fixed_40_1_5_3_0_ap_fixed_40_1_0_3_0_ap_uint_1_s  |        0|        0|      0 ns|      0 ns|    1|    1|      yes|
        |z_2_addsub_0_0_ap_fixed_40_1_5_3_0_ap_fixed_40_1_0_3_0_ap_uint_1_s_fu_971             |addsub_0_0_ap_fixed_40_1_5_3_0_ap_fixed_40_1_0_3_0_ap_uint_1_s  |        0|        0|      0 ns|      0 ns|    1|    1|      yes|
        |z_3_addsub_0_0_ap_fixed_40_1_5_3_0_ap_fixed_40_1_0_3_0_ap_uint_1_s_fu_980             |addsub_0_0_ap_fixed_40_1_5_3_0_ap_fixed_40_1_0_3_0_ap_uint_1_s  |        0|        0|      0 ns|      0 ns|    1|    1|      yes|
        |z_4_addsub_0_0_ap_fixed_40_1_5_3_0_ap_fixed_40_1_0_3_0_ap_uint_1_s_fu_988             |addsub_0_0_ap_fixed_40_1_5_3_0_ap_fixed_40_1_0_3_0_ap_uint_1_s  |        0|        0|      0 ns|      0 ns|    1|    1|      yes|
        |z_5_addsub_0_0_ap_fixed_40_1_5_3_0_ap_fixed_40_1_0_3_0_ap_uint_1_s_fu_997             |addsub_0_0_ap_fixed_40_1_5_3_0_ap_fixed_40_1_0_3_0_ap_uint_1_s  |        0|        0|      0 ns|      0 ns|    1|    1|      yes|
        |z_6_addsub_0_0_ap_fixed_40_1_5_3_0_ap_fixed_40_1_0_3_0_ap_uint_1_s_fu_1006            |addsub_0_0_ap_fixed_40_1_5_3_0_ap_fixed_40_1_0_3_0_ap_uint_1_s  |        0|        0|      0 ns|      0 ns|    1|    1|      yes|
        |z_7_addsub_0_0_ap_fixed_40_1_5_3_0_ap_fixed_40_1_0_3_0_ap_uint_1_s_fu_1014            |addsub_0_0_ap_fixed_40_1_5_3_0_ap_fixed_40_1_0_3_0_ap_uint_1_s  |        0|        0|      0 ns|      0 ns|    1|    1|      yes|
        |z_8_addsub_0_0_ap_fixed_40_1_5_3_0_ap_fixed_40_1_0_3_0_ap_uint_1_s_fu_1023            |addsub_0_0_ap_fixed_40_1_5_3_0_ap_fixed_40_1_0_3_0_ap_uint_1_s  |        0|        0|      0 ns|      0 ns|    1|    1|      yes|
        |z_9_addsub_0_0_ap_fixed_40_1_5_3_0_ap_fixed_40_1_0_3_0_ap_uint_1_s_fu_1032            |addsub_0_0_ap_fixed_40_1_5_3_0_ap_fixed_40_1_0_3_0_ap_uint_1_s  |        0|        0|      0 ns|      0 ns|    1|    1|      yes|
        |z_10_addsub_0_0_ap_fixed_40_1_5_3_0_ap_fixed_40_1_0_3_0_ap_uint_1_s_fu_1040           |addsub_0_0_ap_fixed_40_1_5_3_0_ap_fixed_40_1_0_3_0_ap_uint_1_s  |        0|        0|      0 ns|      0 ns|    1|    1|      yes|
        |z_11_addsub_0_0_ap_fixed_40_1_5_3_0_ap_fixed_40_1_0_3_0_ap_uint_1_s_fu_1049           |addsub_0_0_ap_fixed_40_1_5_3_0_ap_fixed_40_1_0_3_0_ap_uint_1_s  |        0|        0|      0 ns|      0 ns|    1|    1|      yes|
        |z_12_addsub_0_0_ap_fixed_40_1_5_3_0_ap_fixed_40_1_0_3_0_ap_uint_1_s_fu_1058           |addsub_0_0_ap_fixed_40_1_5_3_0_ap_fixed_40_1_0_3_0_ap_uint_1_s  |        0|        0|      0 ns|      0 ns|    1|    1|      yes|
        |z_13_addsub_0_0_ap_fixed_40_1_5_3_0_ap_fixed_40_1_0_3_0_ap_uint_1_s_fu_1066           |addsub_0_0_ap_fixed_40_1_5_3_0_ap_fixed_40_1_0_3_0_ap_uint_1_s  |        0|        0|      0 ns|      0 ns|    1|    1|      yes|
        |z_14_addsub_0_0_ap_fixed_40_1_5_3_0_ap_fixed_40_1_0_3_0_ap_uint_1_s_fu_1075           |addsub_0_0_ap_fixed_40_1_5_3_0_ap_fixed_40_1_0_3_0_ap_uint_1_s  |        0|        0|      0 ns|      0 ns|    1|    1|      yes|
        |z_15_addsub_0_0_ap_fixed_40_1_5_3_0_ap_fixed_40_1_0_3_0_ap_uint_1_s_fu_1084           |addsub_0_0_ap_fixed_40_1_5_3_0_ap_fixed_40_1_0_3_0_ap_uint_1_s  |        0|        0|      0 ns|      0 ns|    1|    1|      yes|
        |z_16_addsub_0_0_ap_fixed_40_1_5_3_0_ap_fixed_40_1_0_3_0_ap_uint_1_s_fu_1092           |addsub_0_0_ap_fixed_40_1_5_3_0_ap_fixed_40_1_0_3_0_ap_uint_1_s  |        0|        0|      0 ns|      0 ns|    1|    1|      yes|
        |z_17_addsub_0_0_ap_fixed_40_1_5_3_0_ap_fixed_40_1_0_3_0_ap_uint_1_s_fu_1101           |addsub_0_0_ap_fixed_40_1_5_3_0_ap_fixed_40_1_0_3_0_ap_uint_1_s  |        0|        0|      0 ns|      0 ns|    1|    1|      yes|
        |z_18_addsub_0_0_ap_fixed_40_1_5_3_0_ap_fixed_40_1_0_3_0_ap_uint_1_s_fu_1110           |addsub_0_0_ap_fixed_40_1_5_3_0_ap_fixed_40_1_0_3_0_ap_uint_1_s  |        0|        0|      0 ns|      0 ns|    1|    1|      yes|
        |z_19_addsub_0_0_ap_fixed_40_1_5_3_0_ap_fixed_40_1_0_3_0_ap_uint_1_s_fu_1118           |addsub_0_0_ap_fixed_40_1_5_3_0_ap_fixed_40_1_0_3_0_ap_uint_1_s  |        0|        0|      0 ns|      0 ns|    1|    1|      yes|
        |z_20_addsub_0_0_ap_fixed_40_1_5_3_0_ap_fixed_40_1_0_3_0_ap_uint_1_s_fu_1127           |addsub_0_0_ap_fixed_40_1_5_3_0_ap_fixed_40_1_0_3_0_ap_uint_1_s  |        0|        0|      0 ns|      0 ns|    1|    1|      yes|
        |z_21_addsub_0_0_ap_fixed_40_1_5_3_0_ap_fixed_40_1_0_3_0_ap_uint_1_s_fu_1136           |addsub_0_0_ap_fixed_40_1_5_3_0_ap_fixed_40_1_0_3_0_ap_uint_1_s  |        0|        0|      0 ns|      0 ns|    1|    1|      yes|
        |z_22_addsub_0_0_ap_fixed_40_1_5_3_0_ap_fixed_40_1_0_3_0_ap_uint_1_s_fu_1144           |addsub_0_0_ap_fixed_40_1_5_3_0_ap_fixed_40_1_0_3_0_ap_uint_1_s  |        0|        0|      0 ns|      0 ns|    1|    1|      yes|
        |z_23_addsub_0_0_ap_fixed_40_1_5_3_0_ap_fixed_40_1_0_3_0_ap_uint_1_s_fu_1153           |addsub_0_0_ap_fixed_40_1_5_3_0_ap_fixed_40_1_0_3_0_ap_uint_1_s  |        0|        0|      0 ns|      0 ns|    1|    1|      yes|
        |z_24_addsub_0_0_ap_fixed_40_1_5_3_0_ap_fixed_40_1_0_3_0_ap_uint_1_s_fu_1162           |addsub_0_0_ap_fixed_40_1_5_3_0_ap_fixed_40_1_0_3_0_ap_uint_1_s  |        0|        0|      0 ns|      0 ns|    1|    1|      yes|
        |z_25_addsub_0_0_ap_fixed_40_1_5_3_0_ap_fixed_40_1_0_3_0_ap_uint_1_s_fu_1170           |addsub_0_0_ap_fixed_40_1_5_3_0_ap_fixed_40_1_0_3_0_ap_uint_1_s  |        0|        0|      0 ns|      0 ns|    1|    1|      yes|
        |z_26_addsub_0_0_ap_fixed_40_1_5_3_0_ap_fixed_40_1_0_3_0_ap_uint_1_s_fu_1179           |addsub_0_0_ap_fixed_40_1_5_3_0_ap_fixed_40_1_0_3_0_ap_uint_1_s  |        0|        0|      0 ns|      0 ns|    1|    1|      yes|
        |z_27_addsub_0_0_ap_fixed_40_1_5_3_0_ap_fixed_40_1_0_3_0_ap_uint_1_s_fu_1188           |addsub_0_0_ap_fixed_40_1_5_3_0_ap_fixed_40_1_0_3_0_ap_uint_1_s  |        0|        0|      0 ns|      0 ns|    1|    1|      yes|
        |z_28_addsub_0_0_ap_fixed_40_1_5_3_0_ap_fixed_40_1_0_3_0_ap_uint_1_s_fu_1196           |addsub_0_0_ap_fixed_40_1_5_3_0_ap_fixed_40_1_0_3_0_ap_uint_1_s  |        0|        0|      0 ns|      0 ns|    1|    1|      yes|
        |z_29_addsub_0_0_ap_fixed_40_1_5_3_0_ap_fixed_40_1_0_3_0_ap_uint_1_s_fu_1205           |addsub_0_0_ap_fixed_40_1_5_3_0_ap_fixed_40_1_0_3_0_ap_uint_1_s  |        0|        0|      0 ns|      0 ns|    1|    1|      yes|
        |z_30_addsub_0_0_ap_fixed_40_1_5_3_0_ap_fixed_40_1_0_3_0_ap_uint_1_s_fu_1214           |addsub_0_0_ap_fixed_40_1_5_3_0_ap_fixed_40_1_0_3_0_ap_uint_1_s  |        0|        0|      0 ns|      0 ns|    1|    1|      yes|
        |z_31_addsub_0_0_ap_fixed_40_1_5_3_0_ap_fixed_40_1_0_3_0_ap_uint_1_s_fu_1222           |addsub_0_0_ap_fixed_40_1_5_3_0_ap_fixed_40_1_0_3_0_ap_uint_1_s  |        0|        0|      0 ns|      0 ns|    1|    1|      yes|
        |z_32_addsub_0_0_ap_fixed_40_1_5_3_0_ap_fixed_40_1_0_3_0_ap_uint_1_s_fu_1231           |addsub_0_0_ap_fixed_40_1_5_3_0_ap_fixed_40_1_0_3_0_ap_uint_1_s  |        0|        0|      0 ns|      0 ns|    1|    1|      yes|
        |z_33_addsub_0_0_ap_fixed_40_1_5_3_0_ap_fixed_40_1_0_3_0_ap_uint_1_s_fu_1240           |addsub_0_0_ap_fixed_40_1_5_3_0_ap_fixed_40_1_0_3_0_ap_uint_1_s  |        0|        0|      0 ns|      0 ns|    1|    1|      yes|
        |z_34_addsub_0_0_ap_fixed_40_1_5_3_0_ap_fixed_40_1_0_3_0_ap_uint_1_s_fu_1248           |addsub_0_0_ap_fixed_40_1_5_3_0_ap_fixed_40_1_0_3_0_ap_uint_1_s  |        0|        0|      0 ns|      0 ns|    1|    1|      yes|
        |z_35_addsub_0_0_ap_fixed_40_1_5_3_0_ap_fixed_40_1_0_3_0_ap_uint_1_s_fu_1257           |addsub_0_0_ap_fixed_40_1_5_3_0_ap_fixed_40_1_0_3_0_ap_uint_1_s  |        0|        0|      0 ns|      0 ns|    1|    1|      yes|
        |z_36_addsub_0_0_ap_fixed_40_1_5_3_0_ap_fixed_40_1_0_3_0_ap_uint_1_s_fu_1266           |addsub_0_0_ap_fixed_40_1_5_3_0_ap_fixed_40_1_0_3_0_ap_uint_1_s  |        0|        0|      0 ns|      0 ns|    1|    1|      yes|
        |z_37_addsub_0_0_ap_fixed_40_1_5_3_0_ap_fixed_40_1_0_3_0_ap_uint_1_s_fu_1274           |addsub_0_0_ap_fixed_40_1_5_3_0_ap_fixed_40_1_0_3_0_ap_uint_1_s  |        0|        0|      0 ns|      0 ns|    1|    1|      yes|
        |z_38_addsub_0_0_ap_fixed_40_1_5_3_0_ap_fixed_40_1_0_3_0_ap_uint_1_s_fu_1283           |addsub_0_0_ap_fixed_40_1_5_3_0_ap_fixed_40_1_0_3_0_ap_uint_1_s  |        0|        0|      0 ns|      0 ns|    1|    1|      yes|
        |z_39_addsub_0_0_ap_fixed_40_1_5_3_0_ap_fixed_40_1_0_3_0_ap_uint_1_s_fu_1292           |addsub_0_0_ap_fixed_40_1_5_3_0_ap_fixed_40_1_0_3_0_ap_uint_1_s  |        0|        0|      0 ns|      0 ns|    1|    1|      yes|
        |z_40_addsub_0_0_ap_fixed_40_1_5_3_0_ap_fixed_40_1_0_3_0_ap_uint_1_s_fu_1300           |addsub_0_0_ap_fixed_40_1_5_3_0_ap_fixed_40_1_0_3_0_ap_uint_1_s  |        0|        0|      0 ns|      0 ns|    1|    1|      yes|
        |trunc_ln_addsub_0_0_ap_fixed_40_1_5_3_0_ap_fixed_40_1_0_3_0_ap_uint_1_s_fu_1309       |addsub_0_0_ap_fixed_40_1_5_3_0_ap_fixed_40_1_0_3_0_ap_uint_1_s  |        0|        0|      0 ns|      0 ns|    1|    1|      yes|
        +--------------------------------------------------------------------------------------+----------------------------------------------------------------+---------+---------+----------+----------+-----+-----+---------+

        * Loop: 
        N/A



================================================================
== Utilization Estimates
================================================================
* Summary: 
+---------------------+---------+------+---------+---------+-----+
|         Name        | BRAM_18K|  DSP |    FF   |   LUT   | URAM|
+---------------------+---------+------+---------+---------+-----+
|DSP                  |        -|     -|        -|        -|    -|
|Expression           |        -|     -|        0|     1592|    -|
|FIFO                 |        -|     -|        -|        -|    -|
|Instance             |        -|     -|        0|    17211|    -|
|Memory               |        -|     -|        -|        -|    -|
|Multiplexer          |        -|     -|        0|       50|    -|
|Register             |        -|     -|     6108|      928|    -|
+---------------------+---------+------+---------+---------+-----+
|Total                |        0|     0|     6108|    19781|    0|
+---------------------+---------+------+---------+---------+-----+
|Available SLR        |     1440|  2280|   788160|   394080|  320|
+---------------------+---------+------+---------+---------+-----+
|Utilization SLR (%)  |        0|     0|       ~0|        5|    0|
+---------------------+---------+------+---------+---------+-----+
|Available            |     4320|  6840|  2364480|  1182240|  960|
+---------------------+---------+------+---------+---------+-----+
|Utilization (%)      |        0|     0|       ~0|        1|    0|
+---------------------+---------+------+---------+---------+-----+

+ Detail: 
    * Instance: 
    +--------------------------------------------------------------------------------------+----------------------------------------------------------------+---------+----+---+-----+-----+
    |                                       Instance                                       |                             Module                             | BRAM_18K| DSP| FF| LUT | URAM|
    +--------------------------------------------------------------------------------------+----------------------------------------------------------------+---------+----+---+-----+-----+
    |z_addsub_0_0_ap_fixed_40_1_5_3_0_ap_fixed_40_1_0_3_0_ap_uint_1_s_fu_953               |addsub_0_0_ap_fixed_40_1_5_3_0_ap_fixed_40_1_0_3_0_ap_uint_1_s  |        0|   0|  0|  134|    0|
    |z_1_addsub_0_0_ap_fixed_40_1_5_3_0_ap_fixed_40_1_0_3_0_ap_uint_1_s_fu_962             |addsub_0_0_ap_fixed_40_1_5_3_0_ap_fixed_40_1_0_3_0_ap_uint_1_s  |        0|   0|  0|  134|    0|
    |z_2_addsub_0_0_ap_fixed_40_1_5_3_0_ap_fixed_40_1_0_3_0_ap_uint_1_s_fu_971             |addsub_0_0_ap_fixed_40_1_5_3_0_ap_fixed_40_1_0_3_0_ap_uint_1_s  |        0|   0|  0|  134|    0|
    |z_3_addsub_0_0_ap_fixed_40_1_5_3_0_ap_fixed_40_1_0_3_0_ap_uint_1_s_fu_980             |addsub_0_0_ap_fixed_40_1_5_3_0_ap_fixed_40_1_0_3_0_ap_uint_1_s  |        0|   0|  0|  134|    0|
    |z_4_addsub_0_0_ap_fixed_40_1_5_3_0_ap_fixed_40_1_0_3_0_ap_uint_1_s_fu_988             |addsub_0_0_ap_fixed_40_1_5_3_0_ap_fixed_40_1_0_3_0_ap_uint_1_s  |        0|   0|  0|  134|    0|
    |z_5_addsub_0_0_ap_fixed_40_1_5_3_0_ap_fixed_40_1_0_3_0_ap_uint_1_s_fu_997             |addsub_0_0_ap_fixed_40_1_5_3_0_ap_fixed_40_1_0_3_0_ap_uint_1_s  |        0|   0|  0|  134|    0|
    |z_6_addsub_0_0_ap_fixed_40_1_5_3_0_ap_fixed_40_1_0_3_0_ap_uint_1_s_fu_1006            |addsub_0_0_ap_fixed_40_1_5_3_0_ap_fixed_40_1_0_3_0_ap_uint_1_s  |        0|   0|  0|  134|    0|
    |z_7_addsub_0_0_ap_fixed_40_1_5_3_0_ap_fixed_40_1_0_3_0_ap_uint_1_s_fu_1014            |addsub_0_0_ap_fixed_40_1_5_3_0_ap_fixed_40_1_0_3_0_ap_uint_1_s  |        0|   0|  0|  134|    0|
    |z_8_addsub_0_0_ap_fixed_40_1_5_3_0_ap_fixed_40_1_0_3_0_ap_uint_1_s_fu_1023            |addsub_0_0_ap_fixed_40_1_5_3_0_ap_fixed_40_1_0_3_0_ap_uint_1_s  |        0|   0|  0|  134|    0|
    |z_9_addsub_0_0_ap_fixed_40_1_5_3_0_ap_fixed_40_1_0_3_0_ap_uint_1_s_fu_1032            |addsub_0_0_ap_fixed_40_1_5_3_0_ap_fixed_40_1_0_3_0_ap_uint_1_s  |        0|   0|  0|  134|    0|
    |z_10_addsub_0_0_ap_fixed_40_1_5_3_0_ap_fixed_40_1_0_3_0_ap_uint_1_s_fu_1040           |addsub_0_0_ap_fixed_40_1_5_3_0_ap_fixed_40_1_0_3_0_ap_uint_1_s  |        0|   0|  0|  134|    0|
    |z_11_addsub_0_0_ap_fixed_40_1_5_3_0_ap_fixed_40_1_0_3_0_ap_uint_1_s_fu_1049           |addsub_0_0_ap_fixed_40_1_5_3_0_ap_fixed_40_1_0_3_0_ap_uint_1_s  |        0|   0|  0|  134|    0|
    |z_12_addsub_0_0_ap_fixed_40_1_5_3_0_ap_fixed_40_1_0_3_0_ap_uint_1_s_fu_1058           |addsub_0_0_ap_fixed_40_1_5_3_0_ap_fixed_40_1_0_3_0_ap_uint_1_s  |        0|   0|  0|  134|    0|
    |z_13_addsub_0_0_ap_fixed_40_1_5_3_0_ap_fixed_40_1_0_3_0_ap_uint_1_s_fu_1066           |addsub_0_0_ap_fixed_40_1_5_3_0_ap_fixed_40_1_0_3_0_ap_uint_1_s  |        0|   0|  0|  134|    0|
    |z_14_addsub_0_0_ap_fixed_40_1_5_3_0_ap_fixed_40_1_0_3_0_ap_uint_1_s_fu_1075           |addsub_0_0_ap_fixed_40_1_5_3_0_ap_fixed_40_1_0_3_0_ap_uint_1_s  |        0|   0|  0|  134|    0|
    |z_15_addsub_0_0_ap_fixed_40_1_5_3_0_ap_fixed_40_1_0_3_0_ap_uint_1_s_fu_1084           |addsub_0_0_ap_fixed_40_1_5_3_0_ap_fixed_40_1_0_3_0_ap_uint_1_s  |        0|   0|  0|  134|    0|
    |z_16_addsub_0_0_ap_fixed_40_1_5_3_0_ap_fixed_40_1_0_3_0_ap_uint_1_s_fu_1092           |addsub_0_0_ap_fixed_40_1_5_3_0_ap_fixed_40_1_0_3_0_ap_uint_1_s  |        0|   0|  0|  134|    0|
    |z_17_addsub_0_0_ap_fixed_40_1_5_3_0_ap_fixed_40_1_0_3_0_ap_uint_1_s_fu_1101           |addsub_0_0_ap_fixed_40_1_5_3_0_ap_fixed_40_1_0_3_0_ap_uint_1_s  |        0|   0|  0|  134|    0|
    |z_18_addsub_0_0_ap_fixed_40_1_5_3_0_ap_fixed_40_1_0_3_0_ap_uint_1_s_fu_1110           |addsub_0_0_ap_fixed_40_1_5_3_0_ap_fixed_40_1_0_3_0_ap_uint_1_s  |        0|   0|  0|  134|    0|
    |z_19_addsub_0_0_ap_fixed_40_1_5_3_0_ap_fixed_40_1_0_3_0_ap_uint_1_s_fu_1118           |addsub_0_0_ap_fixed_40_1_5_3_0_ap_fixed_40_1_0_3_0_ap_uint_1_s  |        0|   0|  0|  134|    0|
    |z_20_addsub_0_0_ap_fixed_40_1_5_3_0_ap_fixed_40_1_0_3_0_ap_uint_1_s_fu_1127           |addsub_0_0_ap_fixed_40_1_5_3_0_ap_fixed_40_1_0_3_0_ap_uint_1_s  |        0|   0|  0|  134|    0|
    |z_21_addsub_0_0_ap_fixed_40_1_5_3_0_ap_fixed_40_1_0_3_0_ap_uint_1_s_fu_1136           |addsub_0_0_ap_fixed_40_1_5_3_0_ap_fixed_40_1_0_3_0_ap_uint_1_s  |        0|   0|  0|  134|    0|
    |z_22_addsub_0_0_ap_fixed_40_1_5_3_0_ap_fixed_40_1_0_3_0_ap_uint_1_s_fu_1144           |addsub_0_0_ap_fixed_40_1_5_3_0_ap_fixed_40_1_0_3_0_ap_uint_1_s  |        0|   0|  0|  134|    0|
    |z_23_addsub_0_0_ap_fixed_40_1_5_3_0_ap_fixed_40_1_0_3_0_ap_uint_1_s_fu_1153           |addsub_0_0_ap_fixed_40_1_5_3_0_ap_fixed_40_1_0_3_0_ap_uint_1_s  |        0|   0|  0|  134|    0|
    |z_24_addsub_0_0_ap_fixed_40_1_5_3_0_ap_fixed_40_1_0_3_0_ap_uint_1_s_fu_1162           |addsub_0_0_ap_fixed_40_1_5_3_0_ap_fixed_40_1_0_3_0_ap_uint_1_s  |        0|   0|  0|  134|    0|
    |z_25_addsub_0_0_ap_fixed_40_1_5_3_0_ap_fixed_40_1_0_3_0_ap_uint_1_s_fu_1170           |addsub_0_0_ap_fixed_40_1_5_3_0_ap_fixed_40_1_0_3_0_ap_uint_1_s  |        0|   0|  0|  134|    0|
    |z_26_addsub_0_0_ap_fixed_40_1_5_3_0_ap_fixed_40_1_0_3_0_ap_uint_1_s_fu_1179           |addsub_0_0_ap_fixed_40_1_5_3_0_ap_fixed_40_1_0_3_0_ap_uint_1_s  |        0|   0|  0|  134|    0|
    |z_27_addsub_0_0_ap_fixed_40_1_5_3_0_ap_fixed_40_1_0_3_0_ap_uint_1_s_fu_1188           |addsub_0_0_ap_fixed_40_1_5_3_0_ap_fixed_40_1_0_3_0_ap_uint_1_s  |        0|   0|  0|  134|    0|
    |z_28_addsub_0_0_ap_fixed_40_1_5_3_0_ap_fixed_40_1_0_3_0_ap_uint_1_s_fu_1196           |addsub_0_0_ap_fixed_40_1_5_3_0_ap_fixed_40_1_0_3_0_ap_uint_1_s  |        0|   0|  0|  134|    0|
    |z_29_addsub_0_0_ap_fixed_40_1_5_3_0_ap_fixed_40_1_0_3_0_ap_uint_1_s_fu_1205           |addsub_0_0_ap_fixed_40_1_5_3_0_ap_fixed_40_1_0_3_0_ap_uint_1_s  |        0|   0|  0|  134|    0|
    |z_30_addsub_0_0_ap_fixed_40_1_5_3_0_ap_fixed_40_1_0_3_0_ap_uint_1_s_fu_1214           |addsub_0_0_ap_fixed_40_1_5_3_0_ap_fixed_40_1_0_3_0_ap_uint_1_s  |        0|   0|  0|  134|    0|
    |z_31_addsub_0_0_ap_fixed_40_1_5_3_0_ap_fixed_40_1_0_3_0_ap_uint_1_s_fu_1222           |addsub_0_0_ap_fixed_40_1_5_3_0_ap_fixed_40_1_0_3_0_ap_uint_1_s  |        0|   0|  0|  134|    0|
    |z_32_addsub_0_0_ap_fixed_40_1_5_3_0_ap_fixed_40_1_0_3_0_ap_uint_1_s_fu_1231           |addsub_0_0_ap_fixed_40_1_5_3_0_ap_fixed_40_1_0_3_0_ap_uint_1_s  |        0|   0|  0|  134|    0|
    |z_33_addsub_0_0_ap_fixed_40_1_5_3_0_ap_fixed_40_1_0_3_0_ap_uint_1_s_fu_1240           |addsub_0_0_ap_fixed_40_1_5_3_0_ap_fixed_40_1_0_3_0_ap_uint_1_s  |        0|   0|  0|  134|    0|
    |z_34_addsub_0_0_ap_fixed_40_1_5_3_0_ap_fixed_40_1_0_3_0_ap_uint_1_s_fu_1248           |addsub_0_0_ap_fixed_40_1_5_3_0_ap_fixed_40_1_0_3_0_ap_uint_1_s  |        0|   0|  0|  134|    0|
    |z_35_addsub_0_0_ap_fixed_40_1_5_3_0_ap_fixed_40_1_0_3_0_ap_uint_1_s_fu_1257           |addsub_0_0_ap_fixed_40_1_5_3_0_ap_fixed_40_1_0_3_0_ap_uint_1_s  |        0|   0|  0|  134|    0|
    |z_36_addsub_0_0_ap_fixed_40_1_5_3_0_ap_fixed_40_1_0_3_0_ap_uint_1_s_fu_1266           |addsub_0_0_ap_fixed_40_1_5_3_0_ap_fixed_40_1_0_3_0_ap_uint_1_s  |        0|   0|  0|  134|    0|
    |z_37_addsub_0_0_ap_fixed_40_1_5_3_0_ap_fixed_40_1_0_3_0_ap_uint_1_s_fu_1274           |addsub_0_0_ap_fixed_40_1_5_3_0_ap_fixed_40_1_0_3_0_ap_uint_1_s  |        0|   0|  0|  134|    0|
    |z_38_addsub_0_0_ap_fixed_40_1_5_3_0_ap_fixed_40_1_0_3_0_ap_uint_1_s_fu_1283           |addsub_0_0_ap_fixed_40_1_5_3_0_ap_fixed_40_1_0_3_0_ap_uint_1_s  |        0|   0|  0|  134|    0|
    |z_39_addsub_0_0_ap_fixed_40_1_5_3_0_ap_fixed_40_1_0_3_0_ap_uint_1_s_fu_1292           |addsub_0_0_ap_fixed_40_1_5_3_0_ap_fixed_40_1_0_3_0_ap_uint_1_s  |        0|   0|  0|  134|    0|
    |z_40_addsub_0_0_ap_fixed_40_1_5_3_0_ap_fixed_40_1_0_3_0_ap_uint_1_s_fu_1300           |addsub_0_0_ap_fixed_40_1_5_3_0_ap_fixed_40_1_0_3_0_ap_uint_1_s  |        0|   0|  0|  134|    0|
    |trunc_ln_addsub_0_0_ap_fixed_40_1_5_3_0_ap_fixed_40_1_0_3_0_ap_uint_1_s_fu_1309       |addsub_0_0_ap_fixed_40_1_5_3_0_ap_fixed_40_1_0_3_0_ap_uint_1_s  |        0|   0|  0|  134|    0|
    |x_addsub_0_0_ap_fixed_43_4_5_3_0_ap_fixed_43_4_5_3_0_ap_uint_1_s_fu_346               |addsub_0_0_ap_fixed_43_4_5_3_0_ap_fixed_43_4_5_3_0_ap_uint_1_s  |        0|   0|  0|  143|    0|
    |x_3_addsub_0_0_ap_fixed_43_4_5_3_0_ap_fixed_43_4_5_3_0_ap_uint_1_s_fu_353             |addsub_0_0_ap_fixed_43_4_5_3_0_ap_fixed_43_4_5_3_0_ap_uint_1_s  |        0|   0|  0|  143|    0|
    |x_4_addsub_0_0_ap_fixed_43_4_5_3_0_ap_fixed_43_4_5_3_0_ap_uint_1_s_fu_361             |addsub_0_0_ap_fixed_43_4_5_3_0_ap_fixed_43_4_5_3_0_ap_uint_1_s  |        0|   0|  0|  143|    0|
    |x_5_addsub_0_0_ap_fixed_43_4_5_3_0_ap_fixed_43_4_5_3_0_ap_uint_1_s_fu_368             |addsub_0_0_ap_fixed_43_4_5_3_0_ap_fixed_43_4_5_3_0_ap_uint_1_s  |        0|   0|  0|  143|    0|
    |x_6_addsub_0_0_ap_fixed_43_4_5_3_0_ap_fixed_43_4_5_3_0_ap_uint_1_s_fu_376             |addsub_0_0_ap_fixed_43_4_5_3_0_ap_fixed_43_4_5_3_0_ap_uint_1_s  |        0|   0|  0|  143|    0|
    |x_7_addsub_0_0_ap_fixed_43_4_5_3_0_ap_fixed_43_4_5_3_0_ap_uint_1_s_fu_383             |addsub_0_0_ap_fixed_43_4_5_3_0_ap_fixed_43_4_5_3_0_ap_uint_1_s  |        0|   0|  0|  143|    0|
    |x_8_addsub_0_0_ap_fixed_43_4_5_3_0_ap_fixed_43_4_5_3_0_ap_uint_1_s_fu_391             |addsub_0_0_ap_fixed_43_4_5_3_0_ap_fixed_43_4_5_3_0_ap_uint_1_s  |        0|   0|  0|  143|    0|
    |x_9_addsub_0_0_ap_fixed_43_4_5_3_0_ap_fixed_43_4_5_3_0_ap_uint_1_s_fu_398             |addsub_0_0_ap_fixed_43_4_5_3_0_ap_fixed_43_4_5_3_0_ap_uint_1_s  |        0|   0|  0|  143|    0|
    |x_10_addsub_0_0_ap_fixed_43_4_5_3_0_ap_fixed_43_4_5_3_0_ap_uint_1_s_fu_406            |addsub_0_0_ap_fixed_43_4_5_3_0_ap_fixed_43_4_5_3_0_ap_uint_1_s  |        0|   0|  0|  143|    0|
    |x_11_addsub_0_0_ap_fixed_43_4_5_3_0_ap_fixed_43_4_5_3_0_ap_uint_1_s_fu_413            |addsub_0_0_ap_fixed_43_4_5_3_0_ap_fixed_43_4_5_3_0_ap_uint_1_s  |        0|   0|  0|  143|    0|
    |x_12_addsub_0_0_ap_fixed_43_4_5_3_0_ap_fixed_43_4_5_3_0_ap_uint_1_s_fu_421            |addsub_0_0_ap_fixed_43_4_5_3_0_ap_fixed_43_4_5_3_0_ap_uint_1_s  |        0|   0|  0|  143|    0|
    |x_13_addsub_0_0_ap_fixed_43_4_5_3_0_ap_fixed_43_4_5_3_0_ap_uint_1_s_fu_428            |addsub_0_0_ap_fixed_43_4_5_3_0_ap_fixed_43_4_5_3_0_ap_uint_1_s  |        0|   0|  0|  143|    0|
    |x_14_addsub_0_0_ap_fixed_43_4_5_3_0_ap_fixed_43_4_5_3_0_ap_uint_1_s_fu_436            |addsub_0_0_ap_fixed_43_4_5_3_0_ap_fixed_43_4_5_3_0_ap_uint_1_s  |        0|   0|  0|  143|    0|
    |x_15_addsub_0_0_ap_fixed_43_4_5_3_0_ap_fixed_43_4_5_3_0_ap_uint_1_s_fu_443            |addsub_0_0_ap_fixed_43_4_5_3_0_ap_fixed_43_4_5_3_0_ap_uint_1_s  |        0|   0|  0|  143|    0|
    |x_16_addsub_0_0_ap_fixed_43_4_5_3_0_ap_fixed_43_4_5_3_0_ap_uint_1_s_fu_451            |addsub_0_0_ap_fixed_43_4_5_3_0_ap_fixed_43_4_5_3_0_ap_uint_1_s  |        0|   0|  0|  143|    0|
    |x_17_addsub_0_0_ap_fixed_43_4_5_3_0_ap_fixed_43_4_5_3_0_ap_uint_1_s_fu_458            |addsub_0_0_ap_fixed_43_4_5_3_0_ap_fixed_43_4_5_3_0_ap_uint_1_s  |        0|   0|  0|  143|    0|
    |x_18_addsub_0_0_ap_fixed_43_4_5_3_0_ap_fixed_43_4_5_3_0_ap_uint_1_s_fu_466            |addsub_0_0_ap_fixed_43_4_5_3_0_ap_fixed_43_4_5_3_0_ap_uint_1_s  |        0|   0|  0|  143|    0|
    |x_19_addsub_0_0_ap_fixed_43_4_5_3_0_ap_fixed_43_4_5_3_0_ap_uint_1_s_fu_473            |addsub_0_0_ap_fixed_43_4_5_3_0_ap_fixed_43_4_5_3_0_ap_uint_1_s  |        0|   0|  0|  143|    0|
    |x_20_addsub_0_0_ap_fixed_43_4_5_3_0_ap_fixed_43_4_5_3_0_ap_uint_1_s_fu_481            |addsub_0_0_ap_fixed_43_4_5_3_0_ap_fixed_43_4_5_3_0_ap_uint_1_s  |        0|   0|  0|  143|    0|
    |x_21_addsub_0_0_ap_fixed_43_4_5_3_0_ap_fixed_43_4_5_3_0_ap_uint_1_s_fu_488            |addsub_0_0_ap_fixed_43_4_5_3_0_ap_fixed_43_4_5_3_0_ap_uint_1_s  |        0|   0|  0|  143|    0|
    |x_22_addsub_0_0_ap_fixed_43_4_5_3_0_ap_fixed_43_4_5_3_0_ap_uint_1_s_fu_496            |addsub_0_0_ap_fixed_43_4_5_3_0_ap_fixed_43_4_5_3_0_ap_uint_1_s  |        0|   0|  0|  143|    0|
    |x_23_addsub_0_0_ap_fixed_43_4_5_3_0_ap_fixed_43_4_5_3_0_ap_uint_1_s_fu_503            |addsub_0_0_ap_fixed_43_4_5_3_0_ap_fixed_43_4_5_3_0_ap_uint_1_s  |        0|   0|  0|  143|    0|
    |x_24_addsub_0_0_ap_fixed_43_4_5_3_0_ap_fixed_43_4_5_3_0_ap_uint_1_s_fu_511            |addsub_0_0_ap_fixed_43_4_5_3_0_ap_fixed_43_4_5_3_0_ap_uint_1_s  |        0|   0|  0|  143|    0|
    |x_25_addsub_0_0_ap_fixed_43_4_5_3_0_ap_fixed_43_4_5_3_0_ap_uint_1_s_fu_518            |addsub_0_0_ap_fixed_43_4_5_3_0_ap_fixed_43_4_5_3_0_ap_uint_1_s  |        0|   0|  0|  143|    0|
    |x_26_addsub_0_0_ap_fixed_43_4_5_3_0_ap_fixed_43_4_5_3_0_ap_uint_1_s_fu_526            |addsub_0_0_ap_fixed_43_4_5_3_0_ap_fixed_43_4_5_3_0_ap_uint_1_s  |        0|   0|  0|  143|    0|
    |x_27_addsub_0_0_ap_fixed_43_4_5_3_0_ap_fixed_43_4_5_3_0_ap_uint_1_s_fu_533            |addsub_0_0_ap_fixed_43_4_5_3_0_ap_fixed_43_4_5_3_0_ap_uint_1_s  |        0|   0|  0|  143|    0|
    |x_28_addsub_0_0_ap_fixed_43_4_5_3_0_ap_fixed_43_4_5_3_0_ap_uint_1_s_fu_541            |addsub_0_0_ap_fixed_43_4_5_3_0_ap_fixed_43_4_5_3_0_ap_uint_1_s  |        0|   0|  0|  143|    0|
    |x_29_addsub_0_0_ap_fixed_43_4_5_3_0_ap_fixed_43_4_5_3_0_ap_uint_1_s_fu_548            |addsub_0_0_ap_fixed_43_4_5_3_0_ap_fixed_43_4_5_3_0_ap_uint_1_s  |        0|   0|  0|  143|    0|
    |x_30_addsub_0_0_ap_fixed_43_4_5_3_0_ap_fixed_43_4_5_3_0_ap_uint_1_s_fu_556            |addsub_0_0_ap_fixed_43_4_5_3_0_ap_fixed_43_4_5_3_0_ap_uint_1_s  |        0|   0|  0|  143|    0|
    |x_31_addsub_0_0_ap_fixed_43_4_5_3_0_ap_fixed_43_4_5_3_0_ap_uint_1_s_fu_563            |addsub_0_0_ap_fixed_43_4_5_3_0_ap_fixed_43_4_5_3_0_ap_uint_1_s  |        0|   0|  0|  143|    0|
    |x_32_addsub_0_0_ap_fixed_43_4_5_3_0_ap_fixed_43_4_5_3_0_ap_uint_1_s_fu_571            |addsub_0_0_ap_fixed_43_4_5_3_0_ap_fixed_43_4_5_3_0_ap_uint_1_s  |        0|   0|  0|  143|    0|
    |x_33_addsub_0_0_ap_fixed_43_4_5_3_0_ap_fixed_43_4_5_3_0_ap_uint_1_s_fu_578            |addsub_0_0_ap_fixed_43_4_5_3_0_ap_fixed_43_4_5_3_0_ap_uint_1_s  |        0|   0|  0|  143|    0|
    |x_34_addsub_0_0_ap_fixed_43_4_5_3_0_ap_fixed_43_4_5_3_0_ap_uint_1_s_fu_586            |addsub_0_0_ap_fixed_43_4_5_3_0_ap_fixed_43_4_5_3_0_ap_uint_1_s  |        0|   0|  0|  143|    0|
    |x_35_addsub_0_0_ap_fixed_43_4_5_3_0_ap_fixed_43_4_5_3_0_ap_uint_1_s_fu_593            |addsub_0_0_ap_fixed_43_4_5_3_0_ap_fixed_43_4_5_3_0_ap_uint_1_s  |        0|   0|  0|  143|    0|
    |x_36_addsub_0_0_ap_fixed_43_4_5_3_0_ap_fixed_43_4_5_3_0_ap_uint_1_s_fu_601            |addsub_0_0_ap_fixed_43_4_5_3_0_ap_fixed_43_4_5_3_0_ap_uint_1_s  |        0|   0|  0|  143|    0|
    |x_37_addsub_0_0_ap_fixed_43_4_5_3_0_ap_fixed_43_4_5_3_0_ap_uint_1_s_fu_608            |addsub_0_0_ap_fixed_43_4_5_3_0_ap_fixed_43_4_5_3_0_ap_uint_1_s  |        0|   0|  0|  143|    0|
    |x_38_addsub_0_0_ap_fixed_43_4_5_3_0_ap_fixed_43_4_5_3_0_ap_uint_1_s_fu_616            |addsub_0_0_ap_fixed_43_4_5_3_0_ap_fixed_43_4_5_3_0_ap_uint_1_s  |        0|   0|  0|  143|    0|
    |x_39_addsub_0_0_ap_fixed_43_4_5_3_0_ap_fixed_43_4_5_3_0_ap_uint_1_s_fu_623            |addsub_0_0_ap_fixed_43_4_5_3_0_ap_fixed_43_4_5_3_0_ap_uint_1_s  |        0|   0|  0|  143|    0|
    |x_40_addsub_0_0_ap_fixed_43_4_5_3_0_ap_fixed_43_4_5_3_0_ap_uint_1_s_fu_631            |addsub_0_0_ap_fixed_43_4_5_3_0_ap_fixed_43_4_5_3_0_ap_uint_1_s  |        0|   0|  0|  143|    0|
    |x_41_addsub_0_0_ap_fixed_43_4_5_3_0_ap_fixed_43_4_5_3_0_ap_uint_1_s_fu_638            |addsub_0_0_ap_fixed_43_4_5_3_0_ap_fixed_43_4_5_3_0_ap_uint_1_s  |        0|   0|  0|  143|    0|
    |y_2_addsub_0_0_ap_fixed_43_4_5_3_0_ap_fixed_43_4_5_3_0_bool_s_fu_646                  |addsub_0_0_ap_fixed_43_4_5_3_0_ap_fixed_43_4_5_3_0_bool_s       |        0|   0|  0|  143|    0|
    |y_3_addsub_0_0_ap_fixed_43_4_5_3_0_ap_fixed_43_4_5_3_0_bool_s_fu_653                  |addsub_0_0_ap_fixed_43_4_5_3_0_ap_fixed_43_4_5_3_0_bool_s       |        0|   0|  0|  143|    0|
    |y_4_addsub_0_0_ap_fixed_43_4_5_3_0_ap_fixed_43_4_5_3_0_bool_s_fu_661                  |addsub_0_0_ap_fixed_43_4_5_3_0_ap_fixed_43_4_5_3_0_bool_s       |        0|   0|  0|  143|    0|
    |y_5_addsub_0_0_ap_fixed_43_4_5_3_0_ap_fixed_43_4_5_3_0_bool_s_fu_668                  |addsub_0_0_ap_fixed_43_4_5_3_0_ap_fixed_43_4_5_3_0_bool_s       |        0|   0|  0|  143|    0|
    |y_6_addsub_0_0_ap_fixed_43_4_5_3_0_ap_fixed_43_4_5_3_0_bool_s_fu_676                  |addsub_0_0_ap_fixed_43_4_5_3_0_ap_fixed_43_4_5_3_0_bool_s       |        0|   0|  0|  143|    0|
    |y_7_addsub_0_0_ap_fixed_43_4_5_3_0_ap_fixed_43_4_5_3_0_bool_s_fu_683                  |addsub_0_0_ap_fixed_43_4_5_3_0_ap_fixed_43_4_5_3_0_bool_s       |        0|   0|  0|  143|    0|
    |y_8_addsub_0_0_ap_fixed_43_4_5_3_0_ap_fixed_43_4_5_3_0_bool_s_fu_691                  |addsub_0_0_ap_fixed_43_4_5_3_0_ap_fixed_43_4_5_3_0_bool_s       |        0|   0|  0|  143|    0|
    |y_9_addsub_0_0_ap_fixed_43_4_5_3_0_ap_fixed_43_4_5_3_0_bool_s_fu_698                  |addsub_0_0_ap_fixed_43_4_5_3_0_ap_fixed_43_4_5_3_0_bool_s       |        0|   0|  0|  143|    0|
    |y_10_addsub_0_0_ap_fixed_43_4_5_3_0_ap_fixed_43_4_5_3_0_bool_s_fu_706                 |addsub_0_0_ap_fixed_43_4_5_3_0_ap_fixed_43_4_5_3_0_bool_s       |        0|   0|  0|  143|    0|
    |y_11_addsub_0_0_ap_fixed_43_4_5_3_0_ap_fixed_43_4_5_3_0_bool_s_fu_713                 |addsub_0_0_ap_fixed_43_4_5_3_0_ap_fixed_43_4_5_3_0_bool_s       |        0|   0|  0|  143|    0|
    |y_12_addsub_0_0_ap_fixed_43_4_5_3_0_ap_fixed_43_4_5_3_0_bool_s_fu_721                 |addsub_0_0_ap_fixed_43_4_5_3_0_ap_fixed_43_4_5_3_0_bool_s       |        0|   0|  0|  143|    0|
    |y_13_addsub_0_0_ap_fixed_43_4_5_3_0_ap_fixed_43_4_5_3_0_bool_s_fu_728                 |addsub_0_0_ap_fixed_43_4_5_3_0_ap_fixed_43_4_5_3_0_bool_s       |        0|   0|  0|  143|    0|
    |y_14_addsub_0_0_ap_fixed_43_4_5_3_0_ap_fixed_43_4_5_3_0_bool_s_fu_736                 |addsub_0_0_ap_fixed_43_4_5_3_0_ap_fixed_43_4_5_3_0_bool_s       |        0|   0|  0|  143|    0|
    |y_15_addsub_0_0_ap_fixed_43_4_5_3_0_ap_fixed_43_4_5_3_0_bool_s_fu_743                 |addsub_0_0_ap_fixed_43_4_5_3_0_ap_fixed_43_4_5_3_0_bool_s       |        0|   0|  0|  143|    0|
    |y_16_addsub_0_0_ap_fixed_43_4_5_3_0_ap_fixed_43_4_5_3_0_bool_s_fu_751                 |addsub_0_0_ap_fixed_43_4_5_3_0_ap_fixed_43_4_5_3_0_bool_s       |        0|   0|  0|  143|    0|
    |y_17_addsub_0_0_ap_fixed_43_4_5_3_0_ap_fixed_43_4_5_3_0_bool_s_fu_758                 |addsub_0_0_ap_fixed_43_4_5_3_0_ap_fixed_43_4_5_3_0_bool_s       |        0|   0|  0|  143|    0|
    |y_18_addsub_0_0_ap_fixed_43_4_5_3_0_ap_fixed_43_4_5_3_0_bool_s_fu_766                 |addsub_0_0_ap_fixed_43_4_5_3_0_ap_fixed_43_4_5_3_0_bool_s       |        0|   0|  0|  143|    0|
    |y_19_addsub_0_0_ap_fixed_43_4_5_3_0_ap_fixed_43_4_5_3_0_bool_s_fu_773                 |addsub_0_0_ap_fixed_43_4_5_3_0_ap_fixed_43_4_5_3_0_bool_s       |        0|   0|  0|  143|    0|
    |y_20_addsub_0_0_ap_fixed_43_4_5_3_0_ap_fixed_43_4_5_3_0_bool_s_fu_781                 |addsub_0_0_ap_fixed_43_4_5_3_0_ap_fixed_43_4_5_3_0_bool_s       |        0|   0|  0|  143|    0|
    |y_21_addsub_0_0_ap_fixed_43_4_5_3_0_ap_fixed_43_4_5_3_0_bool_s_fu_788                 |addsub_0_0_ap_fixed_43_4_5_3_0_ap_fixed_43_4_5_3_0_bool_s       |        0|   0|  0|  143|    0|
    |y_22_addsub_0_0_ap_fixed_43_4_5_3_0_ap_fixed_43_4_5_3_0_bool_s_fu_796                 |addsub_0_0_ap_fixed_43_4_5_3_0_ap_fixed_43_4_5_3_0_bool_s       |        0|   0|  0|  143|    0|
    |y_23_addsub_0_0_ap_fixed_43_4_5_3_0_ap_fixed_43_4_5_3_0_bool_s_fu_803                 |addsub_0_0_ap_fixed_43_4_5_3_0_ap_fixed_43_4_5_3_0_bool_s       |        0|   0|  0|  143|    0|
    |y_24_addsub_0_0_ap_fixed_43_4_5_3_0_ap_fixed_43_4_5_3_0_bool_s_fu_811                 |addsub_0_0_ap_fixed_43_4_5_3_0_ap_fixed_43_4_5_3_0_bool_s       |        0|   0|  0|  143|    0|
    |y_25_addsub_0_0_ap_fixed_43_4_5_3_0_ap_fixed_43_4_5_3_0_bool_s_fu_818                 |addsub_0_0_ap_fixed_43_4_5_3_0_ap_fixed_43_4_5_3_0_bool_s       |        0|   0|  0|  143|    0|
    |y_26_addsub_0_0_ap_fixed_43_4_5_3_0_ap_fixed_43_4_5_3_0_bool_s_fu_826                 |addsub_0_0_ap_fixed_43_4_5_3_0_ap_fixed_43_4_5_3_0_bool_s       |        0|   0|  0|  143|    0|
    |y_27_addsub_0_0_ap_fixed_43_4_5_3_0_ap_fixed_43_4_5_3_0_bool_s_fu_833                 |addsub_0_0_ap_fixed_43_4_5_3_0_ap_fixed_43_4_5_3_0_bool_s       |        0|   0|  0|  143|    0|
    |y_28_addsub_0_0_ap_fixed_43_4_5_3_0_ap_fixed_43_4_5_3_0_bool_s_fu_841                 |addsub_0_0_ap_fixed_43_4_5_3_0_ap_fixed_43_4_5_3_0_bool_s       |        0|   0|  0|  143|    0|
    |y_29_addsub_0_0_ap_fixed_43_4_5_3_0_ap_fixed_43_4_5_3_0_bool_s_fu_848                 |addsub_0_0_ap_fixed_43_4_5_3_0_ap_fixed_43_4_5_3_0_bool_s       |        0|   0|  0|  143|    0|
    |y_30_addsub_0_0_ap_fixed_43_4_5_3_0_ap_fixed_43_4_5_3_0_bool_s_fu_856                 |addsub_0_0_ap_fixed_43_4_5_3_0_ap_fixed_43_4_5_3_0_bool_s       |        0|   0|  0|  143|    0|
    |y_31_addsub_0_0_ap_fixed_43_4_5_3_0_ap_fixed_43_4_5_3_0_bool_s_fu_863                 |addsub_0_0_ap_fixed_43_4_5_3_0_ap_fixed_43_4_5_3_0_bool_s       |        0|   0|  0|  143|    0|
    |y_32_addsub_0_0_ap_fixed_43_4_5_3_0_ap_fixed_43_4_5_3_0_bool_s_fu_871                 |addsub_0_0_ap_fixed_43_4_5_3_0_ap_fixed_43_4_5_3_0_bool_s       |        0|   0|  0|  143|    0|
    |y_33_addsub_0_0_ap_fixed_43_4_5_3_0_ap_fixed_43_4_5_3_0_bool_s_fu_878                 |addsub_0_0_ap_fixed_43_4_5_3_0_ap_fixed_43_4_5_3_0_bool_s       |        0|   0|  0|  143|    0|
    |y_34_addsub_0_0_ap_fixed_43_4_5_3_0_ap_fixed_43_4_5_3_0_bool_s_fu_886                 |addsub_0_0_ap_fixed_43_4_5_3_0_ap_fixed_43_4_5_3_0_bool_s       |        0|   0|  0|  143|    0|
    |y_35_addsub_0_0_ap_fixed_43_4_5_3_0_ap_fixed_43_4_5_3_0_bool_s_fu_893                 |addsub_0_0_ap_fixed_43_4_5_3_0_ap_fixed_43_4_5_3_0_bool_s       |        0|   0|  0|  143|    0|
    |y_36_addsub_0_0_ap_fixed_43_4_5_3_0_ap_fixed_43_4_5_3_0_bool_s_fu_901                 |addsub_0_0_ap_fixed_43_4_5_3_0_ap_fixed_43_4_5_3_0_bool_s       |        0|   0|  0|  143|    0|
    |y_37_addsub_0_0_ap_fixed_43_4_5_3_0_ap_fixed_43_4_5_3_0_bool_s_fu_908                 |addsub_0_0_ap_fixed_43_4_5_3_0_ap_fixed_43_4_5_3_0_bool_s       |        0|   0|  0|  143|    0|
    |y_38_addsub_0_0_ap_fixed_43_4_5_3_0_ap_fixed_43_4_5_3_0_bool_s_fu_916                 |addsub_0_0_ap_fixed_43_4_5_3_0_ap_fixed_43_4_5_3_0_bool_s       |        0|   0|  0|  143|    0|
    |y_39_addsub_0_0_ap_fixed_43_4_5_3_0_ap_fixed_43_4_5_3_0_bool_s_fu_923                 |addsub_0_0_ap_fixed_43_4_5_3_0_ap_fixed_43_4_5_3_0_bool_s       |        0|   0|  0|  143|    0|
    |y_40_addsub_0_0_ap_fixed_43_4_5_3_0_ap_fixed_43_4_5_3_0_bool_s_fu_931                 |addsub_0_0_ap_fixed_43_4_5_3_0_ap_fixed_43_4_5_3_0_bool_s       |        0|   0|  0|  143|    0|
    |y_41_addsub_0_0_ap_fixed_43_4_5_3_0_ap_fixed_43_4_5_3_0_bool_s_fu_938                 |addsub_0_0_ap_fixed_43_4_5_3_0_ap_fixed_43_4_5_3_0_bool_s       |        0|   0|  0|  143|    0|
    |ref_tmp8_i_assign_s_addsub_0_0_ap_fixed_43_4_5_3_0_ap_fixed_43_4_5_3_0_bool_s_fu_946  |addsub_0_0_ap_fixed_43_4_5_3_0_ap_fixed_43_4_5_3_0_bool_s       |        0|   0|  0|  143|    0|
    |fdiv_32ns_32ns_32_10_no_dsp_0_U10                                                     |fdiv_32ns_32ns_32_10_no_dsp_0                                   |        0|   0|  0|    0|    0|
    +--------------------------------------------------------------------------------------+----------------------------------------------------------------+---------+----+---+-----+-----+
    |Total                                                                                 |                                                                |        0|   0|  0|17211|    0|
    +--------------------------------------------------------------------------------------+----------------------------------------------------------------+---------+----+---+-----+-----+

    * DSP: 
    N/A

    * Memory: 
    N/A

    * FIFO: 
    N/A

    * Expression: 
    +-------------------------------------------------------------------------------------+----------+----+---+-----+------------+------------+
    |                                    Variable Name                                    | Operation| DSP| FF| LUT | Bitwidth P0| Bitwidth P1|
    +-------------------------------------------------------------------------------------+----------+----+---+-----+------------+------------+
    |add_ln655_fu_1356_p2                                                                 |         +|   0|  0|   16|           9|           4|
    |add_ln702_1_fu_3419_p2                                                               |         +|   0|  0|   39|          32|           6|
    |add_ln702_2_fu_3463_p2                                                               |         +|   0|  0|   48|          41|          41|
    |add_ln702_3_fu_3502_p2                                                               |         +|   0|  0|   19|           8|           8|
    |add_ln702_fu_3319_p2                                                                 |         +|   0|  0|   39|          32|           6|
    |d_exp_fu_1378_p2                                                                     |         -|   0|  0|   16|           9|           9|
    |sub_ln695_fu_1418_p2                                                                 |         -|   0|  0|   15|           1|           8|
    |sub_ln702_1_fu_3309_p2                                                               |         -|   0|  0|   39|           6|          32|
    |sub_ln702_2_fu_3433_p2                                                               |         -|   0|  0|   39|           5|          32|
    |sub_ln702_3_fu_3497_p2                                                               |         -|   0|  0|   19|           1|           8|
    |sub_ln702_4_fu_3340_p2                                                               |         -|   0|  0|   13|           1|           6|
    |sub_ln702_fu_3259_p2                                                                 |         -|   0|  0|   47|           1|          40|
    |and_ln702_1_fu_3355_p2                                                               |       and|   0|  0|   40|          40|          40|
    |and_ln702_fu_3393_p2                                                                 |       and|   0|  0|    2|           1|           1|
    |ap_condition_1303                                                                    |       and|   0|  0|    2|           1|           1|
    |phi_ln702_fu_3366_p2                                                                 |       and|   0|  0|    2|           1|           1|
    |tmp_86_fu_3293_p3                                                                    |      cttz|   0|  0|   92|          64|           0|
    |icmp_ln655_fu_1366_p2                                                                |      icmp|   0|  0|   16|           9|           9|
    |icmp_ln662_fu_1372_p2                                                                |      icmp|   0|  0|   15|           8|           1|
    |icmp_ln702_1_fu_3334_p2                                                              |      icmp|   0|  0|   38|          31|           1|
    |icmp_ln702_2_fu_3360_p2                                                              |      icmp|   0|  0|   47|          40|           1|
    |icmp_ln702_3_fu_3413_p2                                                              |      icmp|   0|  0|   39|          32|           1|
    |icmp_ln702_fu_3247_p2                                                                |      icmp|   0|  0|   47|          40|           1|
    |lshr_ln695_fu_1442_p2                                                                |      lshr|   0|  0|  139|          43|          43|
    |lshr_ln702_2_fu_3349_p2                                                              |      lshr|   0|  0|  133|           2|          40|
    |lshr_ln702_fu_3428_p2                                                                |      lshr|   0|  0|  133|          40|          40|
    |or_ln702_fu_3399_p2                                                                  |        or|   0|  0|    2|           1|           1|
    |cond49_i_i_in_fu_3447_p3                                                             |    select|   0|  0|   40|           1|          40|
    |select_ln695_fu_1424_p3                                                              |    select|   0|  0|    8|           1|           8|
    |select_ln702_1_fu_3490_p3                                                            |    select|   0|  0|    7|           1|           7|
    |select_ln702_fu_3264_p3                                                              |    select|   0|  0|   40|           1|          40|
    |y_42_fu_1448_p3                                                                      |    select|   0|  0|   43|           1|          43|
    |shl_ln695_fu_1436_p2                                                                 |       shl|   0|  0|  139|          43|          43|
    |shl_ln702_fu_3442_p2                                                                 |       shl|   0|  0|  133|          40|          40|
    |d_10_fu_1911_p2                                                                      |       xor|   0|  0|    2|           1|           2|
    |d_11_fu_1934_p2                                                                      |       xor|   0|  0|    2|           1|           2|
    |d_12_fu_1999_p2                                                                      |       xor|   0|  0|    2|           1|           2|
    |d_13_fu_2022_p2                                                                      |       xor|   0|  0|    2|           1|           2|
    |d_14_fu_2087_p2                                                                      |       xor|   0|  0|    2|           1|           2|
    |d_15_fu_2110_p2                                                                      |       xor|   0|  0|    2|           1|           2|
    |d_16_fu_2175_p2                                                                      |       xor|   0|  0|    2|           1|           2|
    |d_17_fu_2198_p2                                                                      |       xor|   0|  0|    2|           1|           2|
    |d_18_fu_2263_p2                                                                      |       xor|   0|  0|    2|           1|           2|
    |d_19_fu_2286_p2                                                                      |       xor|   0|  0|    2|           1|           2|
    |d_1_fu_1498_p2                                                                       |       xor|   0|  0|    2|           1|           2|
    |d_20_fu_2351_p2                                                                      |       xor|   0|  0|    2|           1|           2|
    |d_21_fu_2374_p2                                                                      |       xor|   0|  0|    2|           1|           2|
    |d_22_fu_2439_p2                                                                      |       xor|   0|  0|    2|           1|           2|
    |d_23_fu_2462_p2                                                                      |       xor|   0|  0|    2|           1|           2|
    |d_24_fu_2527_p2                                                                      |       xor|   0|  0|    2|           1|           2|
    |d_25_fu_2550_p2                                                                      |       xor|   0|  0|    2|           1|           2|
    |d_26_fu_2615_p2                                                                      |       xor|   0|  0|    2|           1|           2|
    |d_27_fu_2638_p2                                                                      |       xor|   0|  0|    2|           1|           2|
    |d_28_fu_2703_p2                                                                      |       xor|   0|  0|    2|           1|           2|
    |d_29_fu_2726_p2                                                                      |       xor|   0|  0|    2|           1|           2|
    |d_2_fu_1559_p2                                                                       |       xor|   0|  0|    2|           1|           2|
    |d_30_fu_2791_p2                                                                      |       xor|   0|  0|    2|           1|           2|
    |d_31_fu_2814_p2                                                                      |       xor|   0|  0|    2|           1|           2|
    |d_32_fu_2879_p2                                                                      |       xor|   0|  0|    2|           1|           2|
    |d_33_fu_2902_p2                                                                      |       xor|   0|  0|    2|           1|           2|
    |d_34_fu_2967_p2                                                                      |       xor|   0|  0|    2|           1|           2|
    |d_35_fu_2990_p2                                                                      |       xor|   0|  0|    2|           1|           2|
    |d_36_fu_3055_p2                                                                      |       xor|   0|  0|    2|           1|           2|
    |d_37_fu_3078_p2                                                                      |       xor|   0|  0|    2|           1|           2|
    |d_38_fu_3143_p2                                                                      |       xor|   0|  0|    2|           1|           2|
    |d_39_fu_3167_p2                                                                      |       xor|   0|  0|    2|           1|           2|
    |d_3_fu_1582_p2                                                                       |       xor|   0|  0|    2|           1|           2|
    |d_4_fu_1647_p2                                                                       |       xor|   0|  0|    2|           1|           2|
    |d_5_fu_1670_p2                                                                       |       xor|   0|  0|    2|           1|           2|
    |d_6_fu_1735_p2                                                                       |       xor|   0|  0|    2|           1|           2|
    |d_7_fu_1758_p2                                                                       |       xor|   0|  0|    2|           1|           2|
    |d_8_fu_1823_p2                                                                       |       xor|   0|  0|    2|           1|           2|
    |d_9_fu_1846_p2                                                                       |       xor|   0|  0|    2|           1|           2|
    |d_fu_1483_p2                                                                         |       xor|   0|  0|    2|           1|           2|
    |trunc_ln_addsub_0_0_ap_fixed_40_1_5_3_0_ap_fixed_40_1_0_3_0_ap_uint_1_s_fu_1309_add  |       xor|   0|  0|    2|           1|           2|
    |xor_ln702_fu_3380_p2                                                                 |       xor|   0|  0|    2|           1|           2|
    |z_40_addsub_0_0_ap_fixed_40_1_5_3_0_ap_fixed_40_1_0_3_0_ap_uint_1_s_fu_1300_add      |       xor|   0|  0|    2|           1|           2|
    +-------------------------------------------------------------------------------------+----------+----+---+-----+------------+------------+
    |Total                                                                                |          |   0|  0| 1592|         630|         688|
    +-------------------------------------------------------------------------------------+----------+----+---+-----+------------+------------+

    * Multiplexer: 
    +----------------------------------------+----+-----------+-----+-----------+
    |                  Name                  | LUT| Input Size| Bits| Total Bits|
    +----------------------------------------+----+-----------+-----+-----------+
    |ap_phi_mux_retval_0_phi_fu_334_p8       |   9|          2|   32|         64|
    |ap_phi_reg_pp0_iter10_retval_0_reg_330  |   9|          2|   32|         64|
    |ap_phi_reg_pp0_iter1_retval_0_reg_330   |   9|          2|   32|         64|
    |ap_phi_reg_pp0_iter23_retval_0_reg_330  |   9|          2|   32|         64|
    |ap_return                               |  14|          3|   32|         96|
    +----------------------------------------+----+-----------+-----+-----------+
    |Total                                   |  50|         11|  160|        352|
    +----------------------------------------+----+-----------+-----+-----------+

    * Register: 
    +----------------------------------------+----+----+-----+-----------+
    |                  Name                  | FF | LUT| Bits| Const Bits|
    +----------------------------------------+----+----+-----+-----------+
    |ap_ce_reg                               |   1|   0|    1|          0|
    |ap_phi_reg_pp0_iter10_retval_0_reg_330  |  32|   0|   32|          0|
    |ap_phi_reg_pp0_iter11_retval_0_reg_330  |  32|   0|   32|          0|
    |ap_phi_reg_pp0_iter12_retval_0_reg_330  |  32|   0|   32|          0|
    |ap_phi_reg_pp0_iter13_retval_0_reg_330  |  32|   0|   32|          0|
    |ap_phi_reg_pp0_iter14_retval_0_reg_330  |  32|   0|   32|          0|
    |ap_phi_reg_pp0_iter15_retval_0_reg_330  |  32|   0|   32|          0|
    |ap_phi_reg_pp0_iter16_retval_0_reg_330  |  32|   0|   32|          0|
    |ap_phi_reg_pp0_iter17_retval_0_reg_330  |  32|   0|   32|          0|
    |ap_phi_reg_pp0_iter18_retval_0_reg_330  |  32|   0|   32|          0|
    |ap_phi_reg_pp0_iter19_retval_0_reg_330  |  32|   0|   32|          0|
    |ap_phi_reg_pp0_iter1_retval_0_reg_330   |  32|   0|   32|          0|
    |ap_phi_reg_pp0_iter20_retval_0_reg_330  |  32|   0|   32|          0|
    |ap_phi_reg_pp0_iter21_retval_0_reg_330  |  32|   0|   32|          0|
    |ap_phi_reg_pp0_iter22_retval_0_reg_330  |  32|   0|   32|          0|
    |ap_phi_reg_pp0_iter23_retval_0_reg_330  |  32|   0|   32|          0|
    |ap_phi_reg_pp0_iter24_retval_0_reg_330  |  32|   0|   32|          0|
    |ap_phi_reg_pp0_iter2_retval_0_reg_330   |  32|   0|   32|          0|
    |ap_phi_reg_pp0_iter3_retval_0_reg_330   |  32|   0|   32|          0|
    |ap_phi_reg_pp0_iter4_retval_0_reg_330   |  32|   0|   32|          0|
    |ap_phi_reg_pp0_iter5_retval_0_reg_330   |  32|   0|   32|          0|
    |ap_phi_reg_pp0_iter6_retval_0_reg_330   |  32|   0|   32|          0|
    |ap_phi_reg_pp0_iter7_retval_0_reg_330   |  32|   0|   32|          0|
    |ap_phi_reg_pp0_iter8_retval_0_reg_330   |  32|   0|   32|          0|
    |ap_phi_reg_pp0_iter9_retval_0_reg_330   |  32|   0|   32|          0|
    |ap_return_int_reg                       |  32|   0|   32|          0|
    |d_10_reg_3751                           |   1|   0|    1|          0|
    |d_11_reg_3756                           |   1|   0|    1|          0|
    |d_12_reg_3787                           |   1|   0|    1|          0|
    |d_13_reg_3792                           |   1|   0|    1|          0|
    |d_14_reg_3828                           |   1|   0|    1|          0|
    |d_15_reg_3833                           |   1|   0|    1|          0|
    |d_16_reg_3869                           |   1|   0|    1|          0|
    |d_17_reg_3874                           |   1|   0|    1|          0|
    |d_18_reg_3915                           |   1|   0|    1|          0|
    |d_19_reg_3920                           |   1|   0|    1|          0|
    |d_1_reg_3576                            |   1|   0|    1|          0|
    |d_20_reg_3956                           |   1|   0|    1|          0|
    |d_21_reg_3961                           |   1|   0|    1|          0|
    |d_22_reg_3997                           |   1|   0|    1|          0|
    |d_23_reg_4002                           |   1|   0|    1|          0|
    |d_24_reg_4038                           |   1|   0|    1|          0|
    |d_25_reg_4043                           |   1|   0|    1|          0|
    |d_26_reg_4079                           |   1|   0|    1|          0|
    |d_26_reg_4079_pp0_iter15_reg            |   1|   0|    1|          0|
    |d_27_reg_4084                           |   1|   0|    1|          0|
    |d_28_reg_4120                           |   1|   0|    1|          0|
    |d_28_reg_4120_pp0_iter16_reg            |   1|   0|    1|          0|
    |d_29_reg_4125                           |   1|   0|    1|          0|
    |d_29_reg_4125_pp0_iter16_reg            |   1|   0|    1|          0|
    |d_2_reg_3607                            |   1|   0|    1|          0|
    |d_30_reg_4161                           |   1|   0|    1|          0|
    |d_30_reg_4161_pp0_iter17_reg            |   1|   0|    1|          0|
    |d_31_reg_4166                           |   1|   0|    1|          0|
    |d_31_reg_4166_pp0_iter17_reg            |   1|   0|    1|          0|
    |d_32_reg_4202                           |   1|   0|    1|          0|
    |d_33_reg_4207                           |   1|   0|    1|          0|
    |d_33_reg_4207_pp0_iter18_reg            |   1|   0|    1|          0|
    |d_34_reg_4243                           |   1|   0|    1|          0|
    |d_35_reg_4248                           |   1|   0|    1|          0|
    |d_36_reg_4284                           |   1|   0|    1|          0|
    |d_37_reg_4289                           |   1|   0|    1|          0|
    |d_39_reg_4325                           |   1|   0|    1|          0|
    |d_3_reg_3612                            |   1|   0|    1|          0|
    |d_4_reg_3643                            |   1|   0|    1|          0|
    |d_5_reg_3648                            |   1|   0|    1|          0|
    |d_6_reg_3679                            |   1|   0|    1|          0|
    |d_7_reg_3684                            |   1|   0|    1|          0|
    |d_8_reg_3715                            |   1|   0|    1|          0|
    |d_9_reg_3720                            |   1|   0|    1|          0|
    |d_reg_3571                              |   1|   0|    1|          0|
    |icmp_ln655_reg_3546                     |   1|   0|    1|          0|
    |icmp_ln662_reg_3550                     |   1|   0|    1|          0|
    |icmp_ln702_reg_4354                     |   1|   0|    1|          0|
    |icmp_ln702_reg_4354_pp0_iter23_reg      |   1|   0|    1|          0|
    |lshr_ln702_1_reg_4388                   |  40|   0|   40|          0|
    |select_ln702_reg_4363                   |  40|   0|   40|          0|
    |sub_ln702_1_reg_4376                    |  32|   0|   32|          0|
    |tmp_27_reg_3565                         |   1|   0|    1|          0|
    |tmp_29_reg_3591                         |   1|   0|    1|          0|
    |tmp_32_reg_3627                         |   1|   0|    1|          0|
    |tmp_34_reg_3663                         |   1|   0|    1|          0|
    |tmp_36_reg_3699                         |   1|   0|    1|          0|
    |tmp_38_reg_3735                         |   1|   0|    1|          0|
    |tmp_40_reg_3771                         |   1|   0|    1|          0|
    |tmp_42_reg_3807                         |   1|   0|    1|          0|
    |tmp_44_reg_3848                         |   1|   0|    1|          0|
    |tmp_46_reg_3889                         |   1|   0|    1|          0|
    |tmp_48_reg_3935                         |   1|   0|    1|          0|
    |tmp_50_reg_3976                         |   1|   0|    1|          0|
    |tmp_52_reg_4017                         |   1|   0|    1|          0|
    |tmp_54_reg_4058                         |   1|   0|    1|          0|
    |tmp_56_reg_4099                         |   1|   0|    1|          0|
    |tmp_58_reg_4140                         |   1|   0|    1|          0|
    |tmp_60_reg_4181                         |   1|   0|    1|          0|
    |tmp_62_reg_4222                         |   1|   0|    1|          0|
    |tmp_64_reg_4263                         |   1|   0|    1|          0|
    |tmp_66_reg_4304                         |   1|   0|    1|          0|
    |tmp_68_reg_4335                         |   1|   0|    1|          0|
    |tmp_70_reg_4358                         |   1|   0|    1|          0|
    |tmp_70_reg_4358_pp0_iter23_reg          |   1|   0|    1|          0|
    |tmp_74_reg_4393                         |   1|   0|    1|          0|
    |trunc_ln342_reg_3554                    |  23|   0|   23|          0|
    |trunc_ln702_1_reg_4371                  |   8|   0|    8|          0|
    |trunc_ln702_1_reg_4371_pp0_iter23_reg   |   8|   0|    8|          0|
    |trunc_ln702_2_reg_4383                  |   6|   0|    6|          0|
    |trunc_ln_reg_4346                       |  40|   0|   40|          0|
    |x_11_reg_3725                           |  43|   0|   43|          0|
    |x_13_reg_3761                           |  43|   0|   43|          0|
    |x_15_reg_3797                           |  43|   0|   43|          0|
    |x_17_reg_3838                           |  43|   0|   43|          0|
    |x_19_reg_3879                           |  43|   0|   43|          0|
    |x_21_reg_3925                           |  43|   0|   43|          0|
    |x_23_reg_3966                           |  43|   0|   43|          0|
    |x_25_reg_4007                           |  43|   0|   43|          0|
    |x_27_reg_4048                           |  43|   0|   43|          0|
    |x_29_reg_4089                           |  43|   0|   43|          0|
    |x_31_reg_4130                           |  43|   0|   43|          0|
    |x_33_reg_4171                           |  43|   0|   43|          0|
    |x_35_reg_4212                           |  43|   0|   43|          0|
    |x_37_reg_4253                           |  43|   0|   43|          0|
    |x_39_reg_4294                           |  43|   0|   43|          0|
    |x_3_reg_3581                            |  43|   0|   43|          0|
    |x_5_reg_3617                            |  43|   0|   43|          0|
    |x_7_reg_3653                            |  43|   0|   43|          0|
    |x_9_reg_3689                            |  43|   0|   43|          0|
    |x_in_int_reg                            |  32|   0|   32|          0|
    |x_s_10_reg_3746                         |  33|   0|   33|          0|
    |x_s_12_reg_3782                         |  31|   0|   31|          0|
    |x_s_14_reg_3818                         |  29|   0|   29|          0|
    |x_s_16_reg_3859                         |  27|   0|   27|          0|
    |x_s_18_reg_3900                         |  25|   0|   25|          0|
    |x_s_20_reg_3946                         |  23|   0|   23|          0|
    |x_s_22_reg_3987                         |  21|   0|   21|          0|
    |x_s_24_reg_4028                         |  19|   0|   19|          0|
    |x_s_26_reg_4069                         |  17|   0|   17|          0|
    |x_s_28_reg_4110                         |  15|   0|   15|          0|
    |x_s_2_reg_3602                          |  41|   0|   41|          0|
    |x_s_30_reg_4151                         |  13|   0|   13|          0|
    |x_s_32_reg_4192                         |  11|   0|   11|          0|
    |x_s_34_reg_4233                         |   9|   0|    9|          0|
    |x_s_36_reg_4274                         |   7|   0|    7|          0|
    |x_s_38_reg_4315                         |   5|   0|    5|          0|
    |x_s_40_reg_4341                         |   3|   0|    3|          0|
    |x_s_4_reg_3638                          |  39|   0|   39|          0|
    |x_s_6_reg_3674                          |  37|   0|   37|          0|
    |x_s_8_reg_3710                          |  35|   0|   35|          0|
    |y_11_reg_3730                           |  43|   0|   43|          0|
    |y_13_reg_3766                           |  43|   0|   43|          0|
    |y_15_reg_3802                           |  43|   0|   43|          0|
    |y_17_reg_3843                           |  43|   0|   43|          0|
    |y_19_reg_3884                           |  43|   0|   43|          0|
    |y_21_reg_3930                           |  43|   0|   43|          0|
    |y_23_reg_3971                           |  43|   0|   43|          0|
    |y_25_reg_4012                           |  43|   0|   43|          0|
    |y_27_reg_4053                           |  43|   0|   43|          0|
    |y_29_reg_4094                           |  43|   0|   43|          0|
    |y_31_reg_4135                           |  43|   0|   43|          0|
    |y_33_reg_4176                           |  43|   0|   43|          0|
    |y_35_reg_4217                           |  43|   0|   43|          0|
    |y_37_reg_4258                           |  43|   0|   43|          0|
    |y_39_reg_4299                           |  43|   0|   43|          0|
    |y_3_reg_3586                            |  43|   0|   43|          0|
    |y_41_reg_4330                           |  43|   0|   43|          0|
    |y_42_reg_3559                           |  43|   0|   43|          0|
    |y_5_reg_3622                            |  43|   0|   43|          0|
    |y_7_reg_3658                            |  43|   0|   43|          0|
    |y_9_reg_3694                            |  43|   0|   43|          0|
    |y_in_int_reg                            |  32|   0|   32|          0|
    |y_s_10_reg_3741                         |  33|   0|   33|          0|
    |y_s_12_reg_3777                         |  31|   0|   31|          0|
    |y_s_14_reg_3813                         |  29|   0|   29|          0|
    |y_s_16_reg_3854                         |  27|   0|   27|          0|
    |y_s_18_reg_3895                         |  25|   0|   25|          0|
    |y_s_20_reg_3941                         |  23|   0|   23|          0|
    |y_s_22_reg_3982                         |  21|   0|   21|          0|
    |y_s_24_reg_4023                         |  19|   0|   19|          0|
    |y_s_26_reg_4064                         |  17|   0|   17|          0|
    |y_s_28_reg_4105                         |  15|   0|   15|          0|
    |y_s_2_reg_3597                          |  41|   0|   41|          0|
    |y_s_30_reg_4146                         |  13|   0|   13|          0|
    |y_s_32_reg_4187                         |  11|   0|   11|          0|
    |y_s_34_reg_4228                         |   9|   0|    9|          0|
    |y_s_36_reg_4269                         |   7|   0|    7|          0|
    |y_s_38_reg_4310                         |   5|   0|    5|          0|
    |y_s_4_reg_3633                          |  39|   0|   39|          0|
    |y_s_6_reg_3669                          |  37|   0|   37|          0|
    |y_s_8_reg_3705                          |  35|   0|   35|          0|
    |z_11_reg_3951                           |  40|   0|   40|          0|
    |z_14_reg_3992                           |  40|   0|   40|          0|
    |z_17_reg_4033                           |  40|   0|   40|          0|
    |z_20_reg_4074                           |  40|   0|   40|          0|
    |z_23_reg_4115                           |  40|   0|   40|          0|
    |z_26_reg_4156                           |  40|   0|   40|          0|
    |z_29_reg_4197                           |  40|   0|   40|          0|
    |z_2_reg_3823                            |  40|   0|   40|          0|
    |z_32_reg_4238                           |  40|   0|   40|          0|
    |z_35_reg_4279                           |  40|   0|   40|          0|
    |z_38_reg_4320                           |  40|   0|   40|          0|
    |z_5_reg_3864                            |  40|   0|   40|          0|
    |z_8_reg_3910                            |  40|   0|   40|          0|
    |d_10_reg_3751                           |  64|  32|    1|          0|
    |d_11_reg_3756                           |  64|  32|    1|          0|
    |d_12_reg_3787                           |  64|  32|    1|          0|
    |d_13_reg_3792                           |  64|  32|    1|          0|
    |d_14_reg_3828                           |  64|  32|    1|          0|
    |d_15_reg_3833                           |  64|  32|    1|          0|
    |d_16_reg_3869                           |  64|  32|    1|          0|
    |d_17_reg_3874                           |  64|  32|    1|          0|
    |d_18_reg_3915                           |  64|  32|    1|          0|
    |d_19_reg_3920                           |  64|  32|    1|          0|
    |d_1_reg_3576                            |  64|  32|    1|          0|
    |d_20_reg_3956                           |  64|  32|    1|          0|
    |d_21_reg_3961                           |  64|  32|    1|          0|
    |d_22_reg_3997                           |  64|  32|    1|          0|
    |d_23_reg_4002                           |  64|  32|    1|          0|
    |d_24_reg_4038                           |  64|  32|    1|          0|
    |d_25_reg_4043                           |  64|  32|    1|          0|
    |d_27_reg_4084                           |  64|  32|    1|          0|
    |d_2_reg_3607                            |  64|  32|    1|          0|
    |d_3_reg_3612                            |  64|  32|    1|          0|
    |d_4_reg_3643                            |  64|  32|    1|          0|
    |d_5_reg_3648                            |  64|  32|    1|          0|
    |d_6_reg_3679                            |  64|  32|    1|          0|
    |d_7_reg_3684                            |  64|  32|    1|          0|
    |d_8_reg_3715                            |  64|  32|    1|          0|
    |d_9_reg_3720                            |  64|  32|    1|          0|
    |d_reg_3571                              |  64|  32|    1|          0|
    |icmp_ln655_reg_3546                     |  64|  32|    1|          0|
    |icmp_ln662_reg_3550                     |  64|  32|    1|          0|
    +----------------------------------------+----+----+-----+-----------+
    |Total                                   |6108| 928| 4281|          0|
    +----------------------------------------+----+----+-----+-----------+



================================================================
== Interface
================================================================
* Summary: 
+-----------+-----+-----+------------+----------------------+--------------+
| RTL Ports | Dir | Bits|  Protocol  |     Source Object    |    C Type    |
+-----------+-----+-----+------------+----------------------+--------------+
|ap_clk     |   in|    1|  ap_ctrl_hs|  atan2_generic<float>|  return value|
|ap_rst     |   in|    1|  ap_ctrl_hs|  atan2_generic<float>|  return value|
|ap_return  |  out|   32|  ap_ctrl_hs|  atan2_generic<float>|  return value|
|ap_ce      |   in|    1|  ap_ctrl_hs|  atan2_generic<float>|  return value|
|y_in       |   in|   32|     ap_none|                  y_in|        scalar|
|x_in       |   in|   32|     ap_none|                  x_in|        scalar|
+-----------+-----+-----+------------+----------------------+--------------+

